[2026-06-04 10:25:52] INFO - vlmeval.__main__: --reuse is set, reuse-aux=all
[2026-06-04 10:25:52] INFO - vlmeval.__main__: =========== Vintern-1B-v2 ===========
[2026-06-04 10:25:52] INFO - vlmeval.__main__: ----------- DermNet_Test_mac_relative -----------
[2026-06-04 10:25:52] INFO - vlmeval.__main__: =========== Vintern-1B-v2 ===========
[2026-06-04 10:25:52] INFO - vlmeval.__main__: ----------- DermNet_Test_mac_relative -----------
[2026-06-04 10:25:52] INFO - vlmeval.__main__: {'nproc': 32, 'verbose': False, 'retry': 6, 'timeout': 600}
[2026-06-04 10:25:56] ERROR - vlmeval.__main__: Model Vintern-1B-v2 x Dataset DermNet_Test_mac_relative combination failed: This modeling file requires the following packages that were not found in your environment: flash_attn. Run `pip install flash_attn`, skipping this combination.
Traceback (most recent call last):
  File "/mnt/tp/tungns/MinhKem/DermNet_Dataset/Phase_2/VLMEvalKit/run.py", line 763, in run_local_mode
    model = infer_data_job(
  File "/mnt/tp/tungns/MinhKem/DermNet_Dataset/Phase_2/VLMEvalKit/vlmeval/inference.py", line 245, in infer_data_job
    model = infer_data(
  File "/mnt/tp/tungns/MinhKem/DermNet_Dataset/Phase_2/VLMEvalKit/vlmeval/inference.py", line 143, in infer_data
    model = supported_VLM[model_name](**kwargs) if isinstance(model, str) else model
  File "/mnt/tp/tungns/MinhKem/DermNet_Dataset/Phase_2/VLMEvalKit/vlmeval/vlm/vintern_chat.py", line 125, in __init__
    self.model = AutoModel.from_pretrained(
  File "/mnt/tp/miniconda/envs/dermnet/lib/python3.10/site-packages/transformers/models/auto/auto_factory.py", line 553, in from_pretrained
    model_class = get_class_from_dynamic_module(
  File "/mnt/tp/miniconda/envs/dermnet/lib/python3.10/site-packages/transformers/dynamic_module_utils.py", line 488, in get_class_from_dynamic_module
    final_module = get_cached_module_file(
  File "/mnt/tp/miniconda/envs/dermnet/lib/python3.10/site-packages/transformers/dynamic_module_utils.py", line 353, in get_cached_module_file
    get_cached_module_file(
  File "/mnt/tp/miniconda/envs/dermnet/lib/python3.10/site-packages/transformers/dynamic_module_utils.py", line 315, in get_cached_module_file
    modules_needed = check_imports(resolved_module_file)
  File "/mnt/tp/miniconda/envs/dermnet/lib/python3.10/site-packages/transformers/dynamic_module_utils.py", line 180, in check_imports
    raise ImportError(
ImportError: This modeling file requires the following packages that were not found in your environment: flash_attn. Run `pip install flash_attn`
[2026-06-04 10:25:56] ERROR - vlmeval.__main__: Model Vintern-1B-v2 x Dataset DermNet_Test_mac_relative combination failed: This modeling file requires the following packages that were not found in your environment: flash_attn. Run `pip install flash_attn`, skipping this combination.
Traceback (most recent call last):
  File "/mnt/tp/tungns/MinhKem/DermNet_Dataset/Phase_2/VLMEvalKit/run.py", line 763, in run_local_mode
    model = infer_data_job(
  File "/mnt/tp/tungns/MinhKem/DermNet_Dataset/Phase_2/VLMEvalKit/vlmeval/inference.py", line 245, in infer_data_job
    model = infer_data(
  File "/mnt/tp/tungns/MinhKem/DermNet_Dataset/Phase_2/VLMEvalKit/vlmeval/inference.py", line 143, in infer_data
    model = supported_VLM[model_name](**kwargs) if isinstance(model, str) else model
  File "/mnt/tp/tungns/MinhKem/DermNet_Dataset/Phase_2/VLMEvalKit/vlmeval/vlm/vintern_chat.py", line 125, in __init__
    self.model = AutoModel.from_pretrained(
  File "/mnt/tp/miniconda/envs/dermnet/lib/python3.10/site-packages/transformers/models/auto/auto_factory.py", line 553, in from_pretrained
    model_class = get_class_from_dynamic_module(
  File "/mnt/tp/miniconda/envs/dermnet/lib/python3.10/site-packages/transformers/dynamic_module_utils.py", line 488, in get_class_from_dynamic_module
    final_module = get_cached_module_file(
  File "/mnt/tp/miniconda/envs/dermnet/lib/python3.10/site-packages/transformers/dynamic_module_utils.py", line 353, in get_cached_module_file
    get_cached_module_file(
  File "/mnt/tp/miniconda/envs/dermnet/lib/python3.10/site-packages/transformers/dynamic_module_utils.py", line 315, in get_cached_module_file
    modules_needed = check_imports(resolved_module_file)
  File "/mnt/tp/miniconda/envs/dermnet/lib/python3.10/site-packages/transformers/dynamic_module_utils.py", line 180, in check_imports
    raise ImportError(
ImportError: This modeling file requires the following packages that were not found in your environment: flash_attn. Run `pip install flash_attn`
[2026-06-04 10:25:56] INFO - vlmeval.__main__: Run Summary Report:
[2026-06-04 10:25:56] INFO - vlmeval.__main__: 
benchmark                  infer_fail_rate    judge_fail_rate    primary_metric    primary_metric_value    skip_reason    eval_error
-------------------------  -----------------  -----------------  ----------------  ----------------------  -------------  ---------------------------------------------------------------------------------------------------------------------------
DermNet_Test_mac_relative  -                  -                  -                 -                       -              This modeling file requires the following packages that were not found in your environment: flash_attn. Run `pip install...
