[2026-06-04 02:13:38] INFO - vlmeval.__main__: --reuse is set, reuse-aux=all
[2026-06-04 02:13:38] INFO - vlmeval.__main__: =========== InternVL3_5-2B ===========
[2026-06-04 02:13:38] INFO - vlmeval.__main__: ----------- DermNet_Val_4k-2_mac_relative -----------
[2026-06-04 02:13:38] INFO - vlmeval.__main__: =========== InternVL3_5-2B ===========
[2026-06-04 02:13:38] INFO - vlmeval.__main__: ----------- DermNet_Val_4k-2_mac_relative -----------
[2026-06-04 02:13:38] INFO - vlmeval.__main__: {'nproc': 32, 'verbose': False, 'retry': 6, 'timeout': 600}
[2026-06-04 02:13:41] ERROR - vlmeval.__main__: Model InternVL3_5-2B x Dataset DermNet_Val_4k-2_mac_relative combination failed: cannot import name 'Qwen3Config' from 'transformers' (/mnt/tp/miniconda/envs/dermnet/lib/python3.10/site-packages/transformers/__init__.py), skipping this combination.
Traceback (most recent call last):
  File "/mnt/tp/tungns/MinhKem/DermNet_Dataset/Phase_2/VLMEvalKit/run.py", line 763, in run_local_mode
    model = infer_data_job(
  File "/mnt/tp/tungns/MinhKem/DermNet_Dataset/Phase_2/VLMEvalKit/vlmeval/inference.py", line 245, in infer_data_job
    model = infer_data(
  File "/mnt/tp/tungns/MinhKem/DermNet_Dataset/Phase_2/VLMEvalKit/vlmeval/inference.py", line 143, in infer_data
    model = supported_VLM[model_name](**kwargs) if isinstance(model, str) else model
  File "/mnt/tp/tungns/MinhKem/DermNet_Dataset/Phase_2/VLMEvalKit/vlmeval/vlm/internvl/internvl_chat.py", line 181, in __init__
    self.model = AutoModel.from_pretrained(
  File "/mnt/tp/miniconda/envs/dermnet/lib/python3.10/site-packages/transformers/models/auto/auto_factory.py", line 523, in from_pretrained
    config, kwargs = AutoConfig.from_pretrained(
  File "/mnt/tp/miniconda/envs/dermnet/lib/python3.10/site-packages/transformers/models/auto/configuration_auto.py", line 942, in from_pretrained
    return config_class.from_pretrained(pretrained_model_name_or_path, **kwargs)
  File "/mnt/tp/miniconda/envs/dermnet/lib/python3.10/site-packages/transformers/configuration_utils.py", line 609, in from_pretrained
    return cls.from_dict(config_dict, **kwargs)
  File "/mnt/tp/miniconda/envs/dermnet/lib/python3.10/site-packages/transformers/configuration_utils.py", line 761, in from_dict
    config = cls(**config_dict)
  File "/mnt/tp/.cache/huggingface/modules/transformers_modules/OpenGVLab/InternVL3_5-2B/7d7bd7bcc35b77b391883ebd7f9686cfa0e25cc0/configuration_internvl_chat.py", line 67, in __init__
    from transformers import Qwen3Config
ImportError: cannot import name 'Qwen3Config' from 'transformers' (/mnt/tp/miniconda/envs/dermnet/lib/python3.10/site-packages/transformers/__init__.py)
[2026-06-04 02:13:41] INFO - vlmeval.__main__: Run Summary Report:
[2026-06-04 02:13:41] INFO - vlmeval.__main__: 
benchmark                      infer_fail_rate    judge_fail_rate    primary_metric    primary_metric_value    skip_reason    eval_error
-----------------------------  -----------------  -----------------  ----------------  ----------------------  -------------  ---------------------------------------------------------------------------------------------------------------------------
DermNet_Val_4k-2_mac_relative  -                  -                  -                 -                       -              cannot import name 'Qwen3Config' from 'transformers' (/mnt/tp/miniconda/envs/dermnet/lib/python3.10/site-packages/transf...
[2026-06-04 02:13:41] ERROR - vlmeval.__main__: Model InternVL3_5-2B x Dataset DermNet_Val_4k-2_mac_relative combination failed: cannot import name 'Qwen3Config' from 'transformers' (/mnt/tp/miniconda/envs/dermnet/lib/python3.10/site-packages/transformers/__init__.py), skipping this combination.
Traceback (most recent call last):
  File "/mnt/tp/tungns/MinhKem/DermNet_Dataset/Phase_2/VLMEvalKit/run.py", line 763, in run_local_mode
    model = infer_data_job(
  File "/mnt/tp/tungns/MinhKem/DermNet_Dataset/Phase_2/VLMEvalKit/vlmeval/inference.py", line 245, in infer_data_job
    model = infer_data(
  File "/mnt/tp/tungns/MinhKem/DermNet_Dataset/Phase_2/VLMEvalKit/vlmeval/inference.py", line 143, in infer_data
    model = supported_VLM[model_name](**kwargs) if isinstance(model, str) else model
  File "/mnt/tp/tungns/MinhKem/DermNet_Dataset/Phase_2/VLMEvalKit/vlmeval/vlm/internvl/internvl_chat.py", line 181, in __init__
    self.model = AutoModel.from_pretrained(
  File "/mnt/tp/miniconda/envs/dermnet/lib/python3.10/site-packages/transformers/models/auto/auto_factory.py", line 523, in from_pretrained
    config, kwargs = AutoConfig.from_pretrained(
  File "/mnt/tp/miniconda/envs/dermnet/lib/python3.10/site-packages/transformers/models/auto/configuration_auto.py", line 942, in from_pretrained
    return config_class.from_pretrained(pretrained_model_name_or_path, **kwargs)
  File "/mnt/tp/miniconda/envs/dermnet/lib/python3.10/site-packages/transformers/configuration_utils.py", line 609, in from_pretrained
    return cls.from_dict(config_dict, **kwargs)
  File "/mnt/tp/miniconda/envs/dermnet/lib/python3.10/site-packages/transformers/configuration_utils.py", line 761, in from_dict
    config = cls(**config_dict)
  File "/mnt/tp/.cache/huggingface/modules/transformers_modules/OpenGVLab/InternVL3_5-2B/7d7bd7bcc35b77b391883ebd7f9686cfa0e25cc0/configuration_internvl_chat.py", line 67, in __init__
    from transformers import Qwen3Config
ImportError: cannot import name 'Qwen3Config' from 'transformers' (/mnt/tp/miniconda/envs/dermnet/lib/python3.10/site-packages/transformers/__init__.py)
