[2026-06-07 07:18:34] INFO - vlmeval.__main__: --reuse is set, reuse-aux=all
[2026-06-07 07:18:34] INFO - vlmeval.__main__: =========== Janus-Pro-1B ===========
[2026-06-07 07:18:34] INFO - vlmeval.__main__: ----------- DermNet_Test_mac_relative -----------
[2026-06-07 07:18:34] INFO - vlmeval.__main__: =========== Janus-Pro-1B ===========
[2026-06-07 07:18:34] INFO - vlmeval.__main__: ----------- DermNet_Test_mac_relative -----------
[2026-06-07 07:18:34] INFO - vlmeval.smp.file: --reuse-aux=all, will reuse inference auxiliary file outputs/Janus-Pro-1B/T20260607-071741/12_DermNet_Test_mac_relative.pkl
[2026-06-07 07:18:34] INFO - vlmeval.smp.file: --reuse-aux=all, will reuse inference auxiliary file outputs/Janus-Pro-1B/T20260607-071741/02_DermNet_Test_mac_relative.pkl
[2026-06-07 07:18:34] INFO - vlmeval.__main__: {'nproc': 32, 'verbose': False, 'retry': 6, 'timeout': 600}
[2026-06-07 07:18:40] ERROR - vlmeval.__main__: Model Janus-Pro-1B x Dataset DermNet_Test_mac_relative combination failed: Due to a serious vulnerability issue in `torch.load`, even with `weights_only=True`, we now require users to upgrade torch to at least v2.6 in order to use the function. This version restriction does not apply when loading files with safetensors.
See the vulnerability report here https://nvd.nist.gov/vuln/detail/CVE-2025-32434, skipping this combination.
Traceback (most recent call last):
  File "/mnt/tp/tungns/MinhKem/DermNet_Dataset/Phase_2/VLMEvalKit/run.py", line 763, in run_local_mode
    model = infer_data_job(
  File "/mnt/tp/tungns/MinhKem/DermNet_Dataset/Phase_2/VLMEvalKit/vlmeval/inference.py", line 245, in infer_data_job
    model = infer_data(
  File "/mnt/tp/tungns/MinhKem/DermNet_Dataset/Phase_2/VLMEvalKit/vlmeval/inference.py", line 143, in infer_data
    model = supported_VLM[model_name](**kwargs) if isinstance(model, str) else model
  File "/mnt/tp/tungns/MinhKem/DermNet_Dataset/Phase_2/VLMEvalKit/vlmeval/vlm/janus.py", line 35, in __init__
    model = AutoModelForCausalLM.from_pretrained(model_path, trust_remote_code=True)
  File "/mnt/tp/miniconda/envs/dermnet/lib/python3.10/site-packages/transformers/models/auto/auto_factory.py", line 404, in from_pretrained
    return model_class.from_pretrained(
  File "/mnt/tp/miniconda/envs/dermnet/lib/python3.10/site-packages/transformers/modeling_utils.py", line 4308, in from_pretrained
    loading_info, disk_offload_index = cls._load_pretrained_model(model, state_dict, checkpoint_files, load_config)
  File "/mnt/tp/miniconda/envs/dermnet/lib/python3.10/site-packages/transformers/modeling_utils.py", line 4434, in _load_pretrained_model
    merged_state_dict.update(load_state_dict(ckpt_file, disable_mmap=load_config.disable_mmap))
  File "/mnt/tp/miniconda/envs/dermnet/lib/python3.10/site-packages/transformers/modeling_utils.py", line 374, in load_state_dict
    check_torch_load_is_safe()
  File "/mnt/tp/miniconda/envs/dermnet/lib/python3.10/site-packages/transformers/utils/import_utils.py", line 1389, in check_torch_load_is_safe
    raise ValueError(
ValueError: Due to a serious vulnerability issue in `torch.load`, even with `weights_only=True`, we now require users to upgrade torch to at least v2.6 in order to use the function. This version restriction does not apply when loading files with safetensors.
See the vulnerability report here https://nvd.nist.gov/vuln/detail/CVE-2025-32434
[2026-06-07 07:18:40] INFO - vlmeval.__main__: Run Summary Report:
[2026-06-07 07:18:40] INFO - vlmeval.__main__: 
benchmark                  infer_fail_rate    judge_fail_rate    primary_metric    primary_metric_value    skip_reason    eval_error
-------------------------  -----------------  -----------------  ----------------  ----------------------  -------------  ---------------------------------------------------------------------------------------------------------------------------
DermNet_Test_mac_relative  -                  -                  -                 -                       -              Due to a serious vulnerability issue in `torch.load`, even with `weights_only=True`, we now require users to upgrade tor...
