[2026-06-16 10:18:41] INFO - vlmeval.__main__: --reuse is set, reuse-aux=all
[2026-06-16 10:18:41] INFO - vlmeval.__main__: =========== Gemma4-31B-it ===========
[2026-06-16 10:18:42] INFO - vlmeval.__main__: ----------- DermNet_Val_4k-2_mac_relative -----------
[2026-06-16 10:18:42] INFO - vlmeval.smp.file: --reuse-aux=all, will reuse inference auxiliary file outputs/Gemma4-31B-it/T20260616-095742/01_DermNet_Val_4k-2_mac_relative.pkl
[2026-06-16 10:18:42] INFO - vlmeval.__main__: {'nproc': 32, 'verbose': True, 'retry': 6, 'timeout': 600}
[2026-06-16 10:18:42] ERROR - vlmeval.__main__: Model Gemma4-31B-it x Dataset DermNet_Val_4k-2_mac_relative combination failed: neuralmagic/gemma-4-31b-it-FP8 is not a local folder and is not a valid model identifier listed on 'https://huggingface.co/models'
If this is a private repository, make sure to pass a token having permission to this repo either by logging in with `hf auth login` or by passing `token=<your_token>`, skipping this combination.
Traceback (most recent call last):
  File "/mnt/tp/miniconda/envs/dermnet/lib/python3.10/site-packages/huggingface_hub/utils/_http.py", line 761, in hf_raise_for_status
    response.raise_for_status()
  File "/mnt/tp/miniconda/envs/dermnet/lib/python3.10/site-packages/httpx/_models.py", line 829, in raise_for_status
    raise HTTPStatusError(message, request=request, response=self)
httpx.HTTPStatusError: Client error '404 Not Found' for url 'https://huggingface.co/neuralmagic/gemma-4-31b-it-FP8/resolve/main/config.json'
For more information check: https://developer.mozilla.org/en-US/docs/Web/HTTP/Status/404

The above exception was the direct cause of the following exception:

Traceback (most recent call last):
  File "/mnt/tp/miniconda/envs/dermnet/lib/python3.10/site-packages/transformers/utils/hub.py", line 437, in cached_files
    hf_hub_download(
  File "/mnt/tp/miniconda/envs/dermnet/lib/python3.10/site-packages/huggingface_hub/utils/_validators.py", line 88, in _inner_fn
    return fn(*args, **kwargs)
  File "/mnt/tp/miniconda/envs/dermnet/lib/python3.10/site-packages/huggingface_hub/file_download.py", line 1015, in hf_hub_download
    return _hf_hub_download_to_cache_dir(
  File "/mnt/tp/miniconda/envs/dermnet/lib/python3.10/site-packages/huggingface_hub/file_download.py", line 1166, in _hf_hub_download_to_cache_dir
    _raise_on_head_call_error(head_call_error, force_download, local_files_only)
  File "/mnt/tp/miniconda/envs/dermnet/lib/python3.10/site-packages/huggingface_hub/file_download.py", line 1804, in _raise_on_head_call_error
    raise head_call_error
  File "/mnt/tp/miniconda/envs/dermnet/lib/python3.10/site-packages/huggingface_hub/file_download.py", line 1690, in _get_metadata_or_catch_error
    metadata = get_hf_file_metadata(
  File "/mnt/tp/miniconda/envs/dermnet/lib/python3.10/site-packages/huggingface_hub/utils/_validators.py", line 88, in _inner_fn
    return fn(*args, **kwargs)
  File "/mnt/tp/miniconda/envs/dermnet/lib/python3.10/site-packages/huggingface_hub/file_download.py", line 1612, in get_hf_file_metadata
    response = _httpx_follow_relative_redirects_with_backoff(
  File "/mnt/tp/miniconda/envs/dermnet/lib/python3.10/site-packages/huggingface_hub/utils/_http.py", line 692, in _httpx_follow_relative_redirects_with_backoff
    hf_raise_for_status(response)
  File "/mnt/tp/miniconda/envs/dermnet/lib/python3.10/site-packages/huggingface_hub/utils/_http.py", line 835, in hf_raise_for_status
    raise _format(RepositoryNotFoundError, message, response, repo_type=repo_type, repo_id=repo_id) from e
huggingface_hub.errors.RepositoryNotFoundError: 404 Client Error. (Request ID: Root=1-6a312302-075f927343ea1bac6332fd94;533a1a21-b82d-45c4-ab97-f6f32b1aaaa5)

Repository Not Found for url: https://huggingface.co/neuralmagic/gemma-4-31b-it-FP8/resolve/main/config.json.
Please make sure you specified the correct `repo_id` and `repo_type`.
If you are trying to access a private or gated repo, make sure you are authenticated and your token has the required permissions.
For more details, see https://huggingface.co/docs/huggingface_hub/authentication

The above exception was the direct cause of the following exception:

Traceback (most recent call last):
  File "/mnt/tp/tungns/MinhKem/DermNet_Dataset/Phase_2/VLMEvalKit/run.py", line 763, in run_local_mode
    model = infer_data_job(
  File "/mnt/tp/tungns/MinhKem/DermNet_Dataset/Phase_2/VLMEvalKit/vlmeval/inference.py", line 245, in infer_data_job
    model = infer_data(
  File "/mnt/tp/tungns/MinhKem/DermNet_Dataset/Phase_2/VLMEvalKit/vlmeval/inference.py", line 143, in infer_data
    model = supported_VLM[model_name](**kwargs) if isinstance(model, str) else model
  File "/mnt/tp/tungns/MinhKem/DermNet_Dataset/Phase_2/VLMEvalKit/vlmeval/vlm/gemma.py", line 464, in __init__
    self.model = AutoModelForImageTextToText.from_pretrained(
  File "/mnt/tp/miniconda/envs/dermnet/lib/python3.10/site-packages/transformers/models/auto/auto_factory.py", line 289, in from_pretrained
    resolved_config_file = cached_file(
  File "/mnt/tp/miniconda/envs/dermnet/lib/python3.10/site-packages/transformers/utils/hub.py", line 293, in cached_file
    file = cached_files(path_or_repo_id=path_or_repo_id, filenames=[filename], **kwargs)
  File "/mnt/tp/miniconda/envs/dermnet/lib/python3.10/site-packages/transformers/utils/hub.py", line 469, in cached_files
    raise OSError(
OSError: neuralmagic/gemma-4-31b-it-FP8 is not a local folder and is not a valid model identifier listed on 'https://huggingface.co/models'
If this is a private repository, make sure to pass a token having permission to this repo either by logging in with `hf auth login` or by passing `token=<your_token>`
[2026-06-16 10:18:42] INFO - vlmeval.__main__: Run Summary Report:
[2026-06-16 10:18:42] INFO - vlmeval.__main__: 
benchmark                      infer_fail_rate    judge_fail_rate    primary_metric    primary_metric_value    skip_reason    eval_error
-----------------------------  -----------------  -----------------  ----------------  ----------------------  -------------  ---------------------------------------------------------------------------------------------------------------------------
DermNet_Val_4k-2_mac_relative  -                  -                  -                 -                       -              neuralmagic/gemma-4-31b-it-FP8 is not a local folder and is not a valid model identifier listed on 'https://huggingface....
