[2026-06-16 10:32:40] INFO - vlmeval.__main__: --reuse is set, reuse-aux=all
[2026-06-16 10:32:40] INFO - vlmeval.__main__: =========== Gemma4-31B-it ===========
[2026-06-16 10:32:40] INFO - vlmeval.__main__: ----------- DermNet_Val_4k-2_mac_relative -----------
[2026-06-16 10:32:40] INFO - vlmeval.__main__: =========== Gemma4-31B-it ===========
[2026-06-16 10:32:40] INFO - vlmeval.__main__: ----------- DermNet_Val_4k-2_mac_relative -----------
[2026-06-16 10:32:40] INFO - vlmeval.__main__: {'nproc': 32, 'verbose': True, 'retry': 6, 'timeout': 600}
[2026-06-16 10:32:43] ERROR - vlmeval.__main__: Model Gemma4-31B-it x Dataset DermNet_Val_4k-2_mac_relative combination failed: <class 'gptqmodel.nn_modules.qlinear.marlin_awq.AwqMarlinLinear'>: `out_features`: 4304 must be divisible by [64]., skipping this combination.
Traceback (most recent call last):
  File "/mnt/tp/tungns/MinhKem/DermNet_Dataset/Phase_2/VLMEvalKit/run.py", line 763, in run_local_mode
    model = infer_data_job(
  File "/mnt/tp/tungns/MinhKem/DermNet_Dataset/Phase_2/VLMEvalKit/vlmeval/inference.py", line 245, in infer_data_job
    model = infer_data(
  File "/mnt/tp/tungns/MinhKem/DermNet_Dataset/Phase_2/VLMEvalKit/vlmeval/inference.py", line 143, in infer_data
    model = supported_VLM[model_name](**kwargs) if isinstance(model, str) else model
  File "/mnt/tp/tungns/MinhKem/DermNet_Dataset/Phase_2/VLMEvalKit/vlmeval/vlm/gemma.py", line 461, in __init__
    self.model = AutoModelForImageTextToText.from_pretrained(
  File "/mnt/tp/miniconda/envs/dermnet/lib/python3.10/site-packages/transformers/models/auto/auto_factory.py", line 406, in from_pretrained
    return model_class.from_pretrained(
  File "/mnt/tp/miniconda/envs/dermnet/lib/python3.10/site-packages/transformers/modeling_utils.py", line 4282, in from_pretrained
    hf_quantizer.preprocess_model(
  File "/mnt/tp/miniconda/envs/dermnet/lib/python3.10/site-packages/transformers/quantizers/base.py", line 171, in preprocess_model
    self._process_model_before_weight_loading(model, **kwargs)
  File "/mnt/tp/miniconda/envs/dermnet/lib/python3.10/site-packages/transformers/quantizers/quantizer_awq.py", line 74, in _process_model_before_weight_loading
    model = replace_with_awq_linear(
  File "/mnt/tp/miniconda/envs/dermnet/lib/python3.10/site-packages/transformers/integrations/awq.py", line 97, in replace_with_awq_linear
    new_module = target_cls(
  File "/mnt/tp/miniconda/envs/dermnet/lib/python3.10/site-packages/gptqmodel/nn_modules/qlinear/marlin_awq.py", line 86, in __init__
    super().__init__(
  File "/mnt/tp/miniconda/envs/dermnet/lib/python3.10/site-packages/gptqmodel/nn_modules/qlinear/__init__.py", line 1450, in __init__
    super().__init__(bias=bias, register_buffers=False, **kwargs)
  File "/mnt/tp/miniconda/envs/dermnet/lib/python3.10/site-packages/gptqmodel/nn_modules/qlinear/__init__.py", line 610, in __init__
    super().__init__(*args, pack_dtype=pack_dtype, **kwargs)
  File "/mnt/tp/miniconda/envs/dermnet/lib/python3.10/site-packages/gptqmodel/nn_modules/qlinear/__init__.py", line 513, in __init__
    super().__init__(
  File "/mnt/tp/miniconda/envs/dermnet/lib/python3.10/site-packages/gptqmodel/nn_modules/qlinear/__init__.py", line 135, in __init__
    raise err
NotImplementedError: <class 'gptqmodel.nn_modules.qlinear.marlin_awq.AwqMarlinLinear'>: `out_features`: 4304 must be divisible by [64].
[2026-06-16 10:32:43] INFO - vlmeval.__main__: Run Summary Report:
[2026-06-16 10:32:43] INFO - vlmeval.__main__: 
benchmark                      infer_fail_rate    judge_fail_rate    primary_metric    primary_metric_value    skip_reason    eval_error
-----------------------------  -----------------  -----------------  ----------------  ----------------------  -------------  ------------------------------------------------------------------------------------------------------------------
DermNet_Val_4k-2_mac_relative  -                  -                  -                 -                       -              <class 'gptqmodel.nn_modules.qlinear.marlin_awq.AwqMarlinLinear'>: `out_features`: 4304 must be divisible by [64].
[2026-06-16 10:32:43] ERROR - vlmeval.__main__: Model Gemma4-31B-it x Dataset DermNet_Val_4k-2_mac_relative combination failed: <class 'gptqmodel.nn_modules.qlinear.marlin_awq.AwqMarlinLinear'>: `out_features`: 4304 must be divisible by [64]., skipping this combination.
Traceback (most recent call last):
  File "/mnt/tp/tungns/MinhKem/DermNet_Dataset/Phase_2/VLMEvalKit/run.py", line 763, in run_local_mode
    model = infer_data_job(
  File "/mnt/tp/tungns/MinhKem/DermNet_Dataset/Phase_2/VLMEvalKit/vlmeval/inference.py", line 245, in infer_data_job
    model = infer_data(
  File "/mnt/tp/tungns/MinhKem/DermNet_Dataset/Phase_2/VLMEvalKit/vlmeval/inference.py", line 143, in infer_data
    model = supported_VLM[model_name](**kwargs) if isinstance(model, str) else model
  File "/mnt/tp/tungns/MinhKem/DermNet_Dataset/Phase_2/VLMEvalKit/vlmeval/vlm/gemma.py", line 461, in __init__
    self.model = AutoModelForImageTextToText.from_pretrained(
  File "/mnt/tp/miniconda/envs/dermnet/lib/python3.10/site-packages/transformers/models/auto/auto_factory.py", line 406, in from_pretrained
    return model_class.from_pretrained(
  File "/mnt/tp/miniconda/envs/dermnet/lib/python3.10/site-packages/transformers/modeling_utils.py", line 4282, in from_pretrained
    hf_quantizer.preprocess_model(
  File "/mnt/tp/miniconda/envs/dermnet/lib/python3.10/site-packages/transformers/quantizers/base.py", line 171, in preprocess_model
    self._process_model_before_weight_loading(model, **kwargs)
  File "/mnt/tp/miniconda/envs/dermnet/lib/python3.10/site-packages/transformers/quantizers/quantizer_awq.py", line 74, in _process_model_before_weight_loading
    model = replace_with_awq_linear(
  File "/mnt/tp/miniconda/envs/dermnet/lib/python3.10/site-packages/transformers/integrations/awq.py", line 97, in replace_with_awq_linear
    new_module = target_cls(
  File "/mnt/tp/miniconda/envs/dermnet/lib/python3.10/site-packages/gptqmodel/nn_modules/qlinear/marlin_awq.py", line 86, in __init__
    super().__init__(
  File "/mnt/tp/miniconda/envs/dermnet/lib/python3.10/site-packages/gptqmodel/nn_modules/qlinear/__init__.py", line 1450, in __init__
    super().__init__(bias=bias, register_buffers=False, **kwargs)
  File "/mnt/tp/miniconda/envs/dermnet/lib/python3.10/site-packages/gptqmodel/nn_modules/qlinear/__init__.py", line 610, in __init__
    super().__init__(*args, pack_dtype=pack_dtype, **kwargs)
  File "/mnt/tp/miniconda/envs/dermnet/lib/python3.10/site-packages/gptqmodel/nn_modules/qlinear/__init__.py", line 513, in __init__
    super().__init__(
  File "/mnt/tp/miniconda/envs/dermnet/lib/python3.10/site-packages/gptqmodel/nn_modules/qlinear/__init__.py", line 135, in __init__
    raise err
NotImplementedError: <class 'gptqmodel.nn_modules.qlinear.marlin_awq.AwqMarlinLinear'>: `out_features`: 4304 must be divisible by [64].
