[2026-06-04 09:39:47] INFO - vlmeval.__main__: --reuse is set, reuse-aux=all
[2026-06-04 09:39:47] INFO - vlmeval.__main__: =========== Vintern-1B-v2 ===========
[2026-06-04 09:39:47] INFO - vlmeval.__main__: ----------- DermNet_Test_mac_relative -----------
[2026-06-04 09:39:47] INFO - vlmeval.__main__: =========== Vintern-1B-v2 ===========
[2026-06-04 09:39:47] INFO - vlmeval.__main__: ----------- DermNet_Test_mac_relative -----------
[2026-06-04 09:39:47] INFO - vlmeval.__main__: {'nproc': 32, 'verbose': False, 'retry': 6, 'timeout': 600}
[2026-06-04 09:39:53] ERROR - vlmeval.__main__: Model Vintern-1B-v2 x Dataset DermNet_Test_mac_relative combination failed: Couldn't instantiate the backend tokenizer from one of: 
(1) a `tokenizers` library serialization file, 
(2) a slow tokenizer instance to convert or 
(3) an equivalent slow tokenizer class to instantiate and convert. 
You need to have sentencepiece or tiktoken installed to convert a slow tokenizer to a fast one., skipping this combination.
Traceback (most recent call last):
  File "/mnt/tp/tungns/MinhKem/DermNet_Dataset/Phase_2/VLMEvalKit/run.py", line 763, in run_local_mode
    model = infer_data_job(
  File "/mnt/tp/tungns/MinhKem/DermNet_Dataset/Phase_2/VLMEvalKit/vlmeval/inference.py", line 245, in infer_data_job
    model = infer_data(
  File "/mnt/tp/tungns/MinhKem/DermNet_Dataset/Phase_2/VLMEvalKit/vlmeval/inference.py", line 143, in infer_data
    model = supported_VLM[model_name](**kwargs) if isinstance(model, str) else model
  File "/mnt/tp/tungns/MinhKem/DermNet_Dataset/Phase_2/VLMEvalKit/vlmeval/vlm/vintern_chat.py", line 108, in __init__
    self.tokenizer = AutoTokenizer.from_pretrained(model_path, trust_remote_code=True, use_fast=False)
  File "/mnt/tp/miniconda/envs/dermnet/lib/python3.10/site-packages/transformers/models/auto/tokenization_auto.py", line 743, in from_pretrained
    return TokenizersBackend.from_pretrained(pretrained_model_name_or_path, *inputs, **kwargs)
  File "/mnt/tp/miniconda/envs/dermnet/lib/python3.10/site-packages/transformers/tokenization_utils_base.py", line 1744, in from_pretrained
    return cls._from_pretrained(
  File "/mnt/tp/miniconda/envs/dermnet/lib/python3.10/site-packages/transformers/tokenization_utils_base.py", line 1934, in _from_pretrained
    tokenizer = cls(*init_inputs, **init_kwargs)
  File "/mnt/tp/miniconda/envs/dermnet/lib/python3.10/site-packages/transformers/tokenization_utils_tokenizers.py", line 376, in __init__
    raise ValueError(
ValueError: Couldn't instantiate the backend tokenizer from one of: 
(1) a `tokenizers` library serialization file, 
(2) a slow tokenizer instance to convert or 
(3) an equivalent slow tokenizer class to instantiate and convert. 
You need to have sentencepiece or tiktoken installed to convert a slow tokenizer to a fast one.
[2026-06-04 09:39:53] INFO - vlmeval.__main__: Run Summary Report:
[2026-06-04 09:39:53] INFO - vlmeval.__main__: 
benchmark                  infer_fail_rate    judge_fail_rate    primary_metric    primary_metric_value    skip_reason    eval_error
-------------------------  -----------------  -----------------  ----------------  ----------------------  -------------  --------------------------------------------------------
DermNet_Test_mac_relative  -                  -                  -                 -                       -              Couldn't instantiate the backend tokenizer from one of:
                                                                                                                          (1) a `tokenizers` library serialization file,
                                                                                                                          (2) a slow toke...
[2026-06-04 09:39:53] ERROR - vlmeval.__main__: Model Vintern-1B-v2 x Dataset DermNet_Test_mac_relative combination failed: Couldn't instantiate the backend tokenizer from one of: 
(1) a `tokenizers` library serialization file, 
(2) a slow tokenizer instance to convert or 
(3) an equivalent slow tokenizer class to instantiate and convert. 
You need to have sentencepiece or tiktoken installed to convert a slow tokenizer to a fast one., skipping this combination.
Traceback (most recent call last):
  File "/mnt/tp/tungns/MinhKem/DermNet_Dataset/Phase_2/VLMEvalKit/run.py", line 763, in run_local_mode
    model = infer_data_job(
  File "/mnt/tp/tungns/MinhKem/DermNet_Dataset/Phase_2/VLMEvalKit/vlmeval/inference.py", line 245, in infer_data_job
    model = infer_data(
  File "/mnt/tp/tungns/MinhKem/DermNet_Dataset/Phase_2/VLMEvalKit/vlmeval/inference.py", line 143, in infer_data
    model = supported_VLM[model_name](**kwargs) if isinstance(model, str) else model
  File "/mnt/tp/tungns/MinhKem/DermNet_Dataset/Phase_2/VLMEvalKit/vlmeval/vlm/vintern_chat.py", line 108, in __init__
    self.tokenizer = AutoTokenizer.from_pretrained(model_path, trust_remote_code=True, use_fast=False)
  File "/mnt/tp/miniconda/envs/dermnet/lib/python3.10/site-packages/transformers/models/auto/tokenization_auto.py", line 743, in from_pretrained
    return TokenizersBackend.from_pretrained(pretrained_model_name_or_path, *inputs, **kwargs)
  File "/mnt/tp/miniconda/envs/dermnet/lib/python3.10/site-packages/transformers/tokenization_utils_base.py", line 1744, in from_pretrained
    return cls._from_pretrained(
  File "/mnt/tp/miniconda/envs/dermnet/lib/python3.10/site-packages/transformers/tokenization_utils_base.py", line 1934, in _from_pretrained
    tokenizer = cls(*init_inputs, **init_kwargs)
  File "/mnt/tp/miniconda/envs/dermnet/lib/python3.10/site-packages/transformers/tokenization_utils_tokenizers.py", line 376, in __init__
    raise ValueError(
ValueError: Couldn't instantiate the backend tokenizer from one of: 
(1) a `tokenizers` library serialization file, 
(2) a slow tokenizer instance to convert or 
(3) an equivalent slow tokenizer class to instantiate and convert. 
You need to have sentencepiece or tiktoken installed to convert a slow tokenizer to a fast one.
