[2026-06-16 10:40:18] INFO - vlmeval.__main__: --reuse is set, reuse-aux=all
[2026-06-16 10:40:18] INFO - vlmeval.__main__: =========== Gemma4-31B-it ===========
[2026-06-16 10:40:18] INFO - vlmeval.__main__: ----------- DermNet_Val_4k-2_mac_relative -----------
[2026-06-16 10:40:18] INFO - vlmeval.smp.file: --reuse-aux=all, will reuse inference auxiliary file outputs/Gemma4-31B-it/T20260616-103851/01_DermNet_Val_4k-2_mac_relative.pkl
[2026-06-16 10:40:18] INFO - vlmeval.__main__: {'nproc': 32, 'verbose': True, 'retry': 6, 'timeout': 600}
[2026-06-16 10:41:30] ERROR - vlmeval.__main__: Model Gemma4-31B-it x Dataset DermNet_Val_4k-2_mac_relative combination failed: We encountered some issues during automatic conversion of the weights. For details look at the `CONVERSION` entries of the above report!, skipping this combination.
Traceback (most recent call last):
  File "/mnt/tp/tungns/MinhKem/DermNet_Dataset/Phase_2/VLMEvalKit/run.py", line 763, in run_local_mode
    model = infer_data_job(
  File "/mnt/tp/tungns/MinhKem/DermNet_Dataset/Phase_2/VLMEvalKit/vlmeval/inference.py", line 245, in infer_data_job
    model = infer_data(
  File "/mnt/tp/tungns/MinhKem/DermNet_Dataset/Phase_2/VLMEvalKit/vlmeval/inference.py", line 143, in infer_data
    model = supported_VLM[model_name](**kwargs) if isinstance(model, str) else model
  File "/mnt/tp/tungns/MinhKem/DermNet_Dataset/Phase_2/VLMEvalKit/vlmeval/vlm/gemma.py", line 454, in __init__
    self.model = AutoModelForImageTextToText.from_pretrained(
  File "/mnt/tp/miniconda/envs/dermnet/lib/python3.10/site-packages/transformers/models/auto/auto_factory.py", line 406, in from_pretrained
    return model_class.from_pretrained(
  File "/mnt/tp/miniconda/envs/dermnet/lib/python3.10/site-packages/transformers/modeling_utils.py", line 4323, in from_pretrained
    loading_info = cls._finalize_model_loading(model, load_config, loading_info)
  File "/mnt/tp/miniconda/envs/dermnet/lib/python3.10/site-packages/transformers/modeling_utils.py", line 4495, in _finalize_model_loading
    log_state_dict_report(
  File "/mnt/tp/miniconda/envs/dermnet/lib/python3.10/site-packages/transformers/utils/loading_report.py", line 273, in log_state_dict_report
    raise RuntimeError(
RuntimeError: We encountered some issues during automatic conversion of the weights. For details look at the `CONVERSION` entries of the above report!
[2026-06-16 10:41:30] INFO - vlmeval.__main__: Run Summary Report:
[2026-06-16 10:41:30] INFO - vlmeval.__main__: 
benchmark                      infer_fail_rate    judge_fail_rate    primary_metric    primary_metric_value    skip_reason    eval_error
-----------------------------  -----------------  -----------------  ----------------  ----------------------  -------------  ---------------------------------------------------------------------------------------------------------------------------
DermNet_Val_4k-2_mac_relative  -                  -                  -                 -                       -              We encountered some issues during automatic conversion of the weights. For details look at the `CONVERSION` entries of t...
