[2026-06-07 14:49:53] INFO - vlmeval.__main__: --reuse is set, reuse-aux=all
[2026-06-07 14:49:53] INFO - vlmeval.__main__: =========== Janus-Pro-1B ===========
[2026-06-07 14:49:53] INFO - vlmeval.__main__: ----------- DermNet_Test_mac_relative -----------
[2026-06-07 14:49:53] INFO - vlmeval.__main__: =========== Janus-Pro-1B ===========
[2026-06-07 14:49:53] INFO - vlmeval.__main__: ----------- DermNet_Test_mac_relative -----------
[2026-06-07 14:49:54] INFO - vlmeval.smp.file: --reuse-aux=all, will reuse inference auxiliary file outputs/Janus-Pro-1B/T20260607-130757/12_DermNet_Test_mac_relative.pkl
[2026-06-07 14:49:54] INFO - vlmeval.smp.file: --reuse-aux=all, will reuse inference auxiliary file outputs/Janus-Pro-1B/T20260607-130757/02_DermNet_Test_mac_relative.pkl
[2026-06-07 14:49:54] INFO - vlmeval.__main__: {'nproc': 32, 'verbose': False, 'retry': 6, 'timeout': 600}
[2026-06-07 14:50:02] ERROR - vlmeval.__main__: Model Janus-Pro-1B x Dataset DermNet_Test_mac_relative combination failed: CUDA out of memory. Tried to allocate 22.00 MiB. GPU 0 has a total capacity of 44.67 GiB of which 4.69 MiB is free. Process 2217843 has 20.18 GiB memory in use. Process 2220167 has 16.29 GiB memory in use. Process 2234434 has 4.27 GiB memory in use. Including non-PyTorch memory, this process has 3.90 GiB memory in use. Of the allocated memory 3.25 GiB is allocated by PyTorch, and 183.49 MiB is reserved by PyTorch but unallocated. If reserved but unallocated memory is large try setting PYTORCH_CUDA_ALLOC_CONF=expandable_segments:True to avoid fragmentation.  See documentation for Memory Management  (https://docs.pytorch.org/docs/stable/notes/cuda.html#optimizing-memory-usage-with-pytorch-cuda-alloc-conf), skipping this combination.
Traceback (most recent call last):
  File "/mnt/tp/tungns/MinhKem/DermNet_Dataset/Phase_2/VLMEvalKit/run.py", line 763, in run_local_mode
    model = infer_data_job(
  File "/mnt/tp/tungns/MinhKem/DermNet_Dataset/Phase_2/VLMEvalKit/vlmeval/inference.py", line 245, in infer_data_job
    model = infer_data(
  File "/mnt/tp/tungns/MinhKem/DermNet_Dataset/Phase_2/VLMEvalKit/vlmeval/inference.py", line 143, in infer_data
    model = supported_VLM[model_name](**kwargs) if isinstance(model, str) else model
  File "/mnt/tp/tungns/MinhKem/DermNet_Dataset/Phase_2/VLMEvalKit/vlmeval/vlm/janus.py", line 36, in __init__
    self.model = model.to(torch.bfloat16).cuda().eval()
  File "/mnt/tp/miniconda/envs/dermnet/lib/python3.10/site-packages/transformers/modeling_utils.py", line 3652, in cuda
    return super().cuda(*args, **kwargs)
  File "/mnt/tp/miniconda/envs/dermnet/lib/python3.10/site-packages/torch/nn/modules/module.py", line 1096, in cuda
    return self._apply(lambda t: t.cuda(device))
  File "/mnt/tp/miniconda/envs/dermnet/lib/python3.10/site-packages/torch/nn/modules/module.py", line 933, in _apply
    module._apply(fn)
  File "/mnt/tp/miniconda/envs/dermnet/lib/python3.10/site-packages/torch/nn/modules/module.py", line 933, in _apply
    module._apply(fn)
  File "/mnt/tp/miniconda/envs/dermnet/lib/python3.10/site-packages/torch/nn/modules/module.py", line 933, in _apply
    module._apply(fn)
  [Previous line repeated 3 more times]
  File "/mnt/tp/miniconda/envs/dermnet/lib/python3.10/site-packages/torch/nn/modules/module.py", line 964, in _apply
    param_applied = fn(param)
  File "/mnt/tp/miniconda/envs/dermnet/lib/python3.10/site-packages/torch/nn/modules/module.py", line 1096, in <lambda>
    return self._apply(lambda t: t.cuda(device))
torch.OutOfMemoryError: CUDA out of memory. Tried to allocate 22.00 MiB. GPU 0 has a total capacity of 44.67 GiB of which 4.69 MiB is free. Process 2217843 has 20.18 GiB memory in use. Process 2220167 has 16.29 GiB memory in use. Process 2234434 has 4.27 GiB memory in use. Including non-PyTorch memory, this process has 3.90 GiB memory in use. Of the allocated memory 3.25 GiB is allocated by PyTorch, and 183.49 MiB is reserved by PyTorch but unallocated. If reserved but unallocated memory is large try setting PYTORCH_CUDA_ALLOC_CONF=expandable_segments:True to avoid fragmentation.  See documentation for Memory Management  (https://docs.pytorch.org/docs/stable/notes/cuda.html#optimizing-memory-usage-with-pytorch-cuda-alloc-conf)
[2026-06-07 14:50:02] INFO - vlmeval.__main__: Run Summary Report:
[2026-06-07 14:50:02] INFO - vlmeval.__main__: 
benchmark                  infer_fail_rate    judge_fail_rate    primary_metric    primary_metric_value    skip_reason    eval_error
-------------------------  -----------------  -----------------  ----------------  ----------------------  -------------  ---------------------------------------------------------------------------------------------------------------------------
DermNet_Test_mac_relative  -                  -                  -                 -                       -              CUDA out of memory. Tried to allocate 22.00 MiB. GPU 0 has a total capacity of 44.67 GiB of which 4.69 MiB is free. Proc...
