[2026-06-16 10:46:10] INFO - vlmeval.__main__: --reuse is set, reuse-aux=all
[2026-06-16 10:46:10] INFO - vlmeval.__main__: =========== Gemma4-31B-it ===========
[2026-06-16 10:46:10] INFO - vlmeval.__main__: ----------- DermNet_Val_4k-2_mac_relative -----------
[2026-06-16 10:46:10] INFO - vlmeval.smp.file: --reuse-aux=all, will reuse inference auxiliary file outputs/Gemma4-31B-it/T20260616-104018/01_DermNet_Val_4k-2_mac_relative.pkl
[2026-06-16 10:46:10] INFO - vlmeval.__main__: {'nproc': 32, 'verbose': True, 'retry': 6, 'timeout': 600}
[2026-06-16 10:47:28] ERROR - vlmeval.__main__: Model Gemma4-31B-it x Dataset DermNet_Val_4k-2_mac_relative combination failed: The following `model_kwargs` are not used by the model: ['load_in_8bit'] (note: typos in the generate arguments will also show up in this list), skipping this combination.
Traceback (most recent call last):
  File "/mnt/tp/tungns/MinhKem/DermNet_Dataset/Phase_2/VLMEvalKit/run.py", line 763, in run_local_mode
    model = infer_data_job(
  File "/mnt/tp/tungns/MinhKem/DermNet_Dataset/Phase_2/VLMEvalKit/vlmeval/inference.py", line 245, in infer_data_job
    model = infer_data(
  File "/mnt/tp/tungns/MinhKem/DermNet_Dataset/Phase_2/VLMEvalKit/vlmeval/inference.py", line 202, in infer_data
    response = model.generate(message=struct, dataset=dataset_name)
  File "/mnt/tp/tungns/MinhKem/DermNet_Dataset/Phase_2/VLMEvalKit/vlmeval/vlm/base.py", line 122, in generate
    return self.generate_inner(message, dataset)
  File "/mnt/tp/tungns/MinhKem/DermNet_Dataset/Phase_2/VLMEvalKit/vlmeval/vlm/gemma.py", line 807, in generate_inner
    return self.generate_inner_transformers(message, dataset=dataset)
  File "/mnt/tp/tungns/MinhKem/DermNet_Dataset/Phase_2/VLMEvalKit/vlmeval/vlm/gemma.py", line 688, in generate_inner_transformers
    generation = self.model.generate(**inputs, **self.kwargs)
  File "/mnt/tp/miniconda/envs/dermnet/lib/python3.10/site-packages/torch/utils/_contextlib.py", line 124, in decorate_context
    return func(*args, **kwargs)
  File "/mnt/tp/miniconda/envs/dermnet/lib/python3.10/site-packages/transformers/generation/utils.py", line 2399, in generate
    self._validate_model_kwargs(model_kwargs.copy())
  File "/mnt/tp/miniconda/envs/dermnet/lib/python3.10/site-packages/transformers/generation/utils.py", line 1600, in _validate_model_kwargs
    raise ValueError(
ValueError: The following `model_kwargs` are not used by the model: ['load_in_8bit'] (note: typos in the generate arguments will also show up in this list)
[2026-06-16 10:47:28] INFO - vlmeval.__main__: Run Summary Report:
[2026-06-16 10:47:28] INFO - vlmeval.__main__: 
benchmark                      infer_fail_rate    judge_fail_rate    primary_metric    primary_metric_value    skip_reason    eval_error
-----------------------------  -----------------  -----------------  ----------------  ----------------------  -------------  ---------------------------------------------------------------------------------------------------------------------------
DermNet_Val_4k-2_mac_relative  -                  -                  -                 -                       -              The following `model_kwargs` are not used by the model: ['load_in_8bit'] (note: typos in the generate arguments will als...
