[2026-06-08 15:15:47] INFO - vlmeval.__main__: --reuse is set, reuse-aux=all
[2026-06-08 15:15:47] INFO - vlmeval.__main__: =========== Janus-Pro-7B-4bit ===========
[2026-06-08 15:15:47] INFO - vlmeval.__main__: ----------- DermNet_Val_4k-2_mac_relative -----------
[2026-06-08 15:15:47] INFO - vlmeval.__main__: =========== Janus-Pro-7B-4bit ===========
[2026-06-08 15:15:47] INFO - vlmeval.__main__: ----------- DermNet_Val_4k-2_mac_relative -----------
[2026-06-08 15:15:47] INFO - vlmeval.smp.file: --reuse-aux=all, will reuse inference auxiliary file outputs/Janus-Pro-7B-4bit/T20260608-151315/02_DermNet_Val_4k-2_mac_relative.pkl
[2026-06-08 15:15:47] INFO - vlmeval.__main__: {'nproc': 32, 'verbose': False, 'retry': 6, 'timeout': 600}
[2026-06-08 15:15:49] ERROR - vlmeval.__main__: Model Janus-Pro-7B-4bit x Dataset DermNet_Val_4k-2_mac_relative combination failed: CUDA error: invalid device ordinal
GPU device may be out of range, do you have enough GPUs?
CUDA kernel errors might be asynchronously reported at some other API call, so the stacktrace below might be incorrect.
For debugging consider passing CUDA_LAUNCH_BLOCKING=1
Compile with `TORCH_USE_CUDA_DSA` to enable device-side assertions.
, skipping this combination.
Traceback (most recent call last):
  File "/mnt/tp/tungns/MinhKem/DermNet_Dataset/Phase_2/VLMEvalKit/run.py", line 763, in run_local_mode
    model = infer_data_job(
  File "/mnt/tp/tungns/MinhKem/DermNet_Dataset/Phase_2/VLMEvalKit/vlmeval/inference.py", line 245, in infer_data_job
    model = infer_data(
  File "/mnt/tp/tungns/MinhKem/DermNet_Dataset/Phase_2/VLMEvalKit/vlmeval/inference.py", line 143, in infer_data
    model = supported_VLM[model_name](**kwargs) if isinstance(model, str) else model
  File "/mnt/tp/tungns/MinhKem/DermNet_Dataset/Phase_2/VLMEvalKit/vlmeval/vlm/janus.py", line 49, in __init__
    torch.cuda.set_device(local_rank)
  File "/mnt/tp/miniconda/envs/dermnet/lib/python3.10/site-packages/torch/cuda/__init__.py", line 651, in set_device
    torch._C._cuda_setDevice(device)
torch.AcceleratorError: CUDA error: invalid device ordinal
GPU device may be out of range, do you have enough GPUs?
CUDA kernel errors might be asynchronously reported at some other API call, so the stacktrace below might be incorrect.
For debugging consider passing CUDA_LAUNCH_BLOCKING=1
Compile with `TORCH_USE_CUDA_DSA` to enable device-side assertions.

[2026-06-08 15:16:09] ERROR - vlmeval.__main__: Model Janus-Pro-7B-4bit x Dataset DermNet_Val_4k-2_mac_relative combination failed: 'MultiModalityCausalLM' object has no attribute 'vision_tower', skipping this combination.
Traceback (most recent call last):
  File "/mnt/tp/tungns/MinhKem/DermNet_Dataset/Phase_2/VLMEvalKit/run.py", line 763, in run_local_mode
    model = infer_data_job(
  File "/mnt/tp/tungns/MinhKem/DermNet_Dataset/Phase_2/VLMEvalKit/vlmeval/inference.py", line 245, in infer_data_job
    model = infer_data(
  File "/mnt/tp/tungns/MinhKem/DermNet_Dataset/Phase_2/VLMEvalKit/vlmeval/inference.py", line 143, in infer_data
    model = supported_VLM[model_name](**kwargs) if isinstance(model, str) else model
  File "/mnt/tp/tungns/MinhKem/DermNet_Dataset/Phase_2/VLMEvalKit/vlmeval/vlm/janus.py", line 71, in __init__
    print(f"-> Vị trí Vision Tower: {next(self.model.vision_tower.parameters()).device}")
  File "/mnt/tp/miniconda/envs/dermnet/lib/python3.10/site-packages/torch/nn/modules/module.py", line 1967, in __getattr__
    raise AttributeError(
AttributeError: 'MultiModalityCausalLM' object has no attribute 'vision_tower'. Did you mean: 'vision_model'?
[2026-06-08 15:16:09] INFO - vlmeval.__main__: Run Summary Report:
[2026-06-08 15:16:09] INFO - vlmeval.__main__: 
benchmark                      infer_fail_rate    judge_fail_rate    primary_metric    primary_metric_value    skip_reason    eval_error
-----------------------------  -----------------  -----------------  ----------------  ----------------------  -------------  --------------------------------------------------------------
DermNet_Val_4k-2_mac_relative  -                  -                  -                 -                       -              'MultiModalityCausalLM' object has no attribute 'vision_tower'
