[2026-06-08 16:32:35] INFO - vlmeval.__main__: --reuse is set, reuse-aux=all
[2026-06-08 16:32:35] INFO - vlmeval.__main__: =========== Phi-3.5-Vision-4bit ===========
[2026-06-08 16:32:35] INFO - vlmeval.__main__: ----------- DermNet_Test_mac_relative -----------
[2026-06-08 16:32:35] INFO - vlmeval.__main__: =========== Phi-3.5-Vision-4bit ===========
[2026-06-08 16:32:35] INFO - vlmeval.__main__: ----------- DermNet_Test_mac_relative -----------
[2026-06-08 16:32:36] INFO - vlmeval.__main__: {'nproc': 32, 'verbose': False, 'retry': 6, 'timeout': 600}
[2026-06-08 16:32:47] ERROR - vlmeval.__main__: Model Phi-3.5-Vision-4bit x Dataset DermNet_Test_mac_relative combination failed: 'DynamicCache' object has no attribute 'get_max_length', skipping this combination.
Traceback (most recent call last):
  File "/mnt/tp/tungns/MinhKem/DermNet_Dataset/Phase_2/VLMEvalKit/run.py", line 763, in run_local_mode
    model = infer_data_job(
  File "/mnt/tp/tungns/MinhKem/DermNet_Dataset/Phase_2/VLMEvalKit/vlmeval/inference.py", line 245, in infer_data_job
    model = infer_data(
  File "/mnt/tp/tungns/MinhKem/DermNet_Dataset/Phase_2/VLMEvalKit/vlmeval/inference.py", line 202, in infer_data
    response = model.generate(message=struct, dataset=dataset_name)
  File "/mnt/tp/tungns/MinhKem/DermNet_Dataset/Phase_2/VLMEvalKit/vlmeval/vlm/base.py", line 122, in generate
    return self.generate_inner(message, dataset)
  File "/mnt/tp/tungns/MinhKem/DermNet_Dataset/Phase_2/VLMEvalKit/vlmeval/vlm/phi3_vision.py", line 160, in generate_inner
    generate_ids = self.model.generate(
  File "/mnt/tp/miniconda/envs/dermnet/lib/python3.10/site-packages/torch/utils/_contextlib.py", line 124, in decorate_context
    return func(*args, **kwargs)
  File "/mnt/tp/miniconda/envs/dermnet/lib/python3.10/site-packages/transformers/generation/utils.py", line 2223, in generate
    result = self._sample(
  File "/mnt/tp/miniconda/envs/dermnet/lib/python3.10/site-packages/transformers/generation/utils.py", line 3204, in _sample
    model_inputs = self.prepare_inputs_for_generation(input_ids, **model_kwargs)
  File "/mnt/tp/.cache/huggingface/modules/transformers_modules/microsoft/Phi-3.5-vision-instruct/12b77fb40b63a2c73c68243d3f767aab688a1b2a/modeling_phi3_v.py", line 1661, in prepare_inputs_for_generation
    max_cache_length = past_key_values.get_max_length()
  File "/mnt/tp/miniconda/envs/dermnet/lib/python3.10/site-packages/torch/nn/modules/module.py", line 1967, in __getattr__
    raise AttributeError(
AttributeError: 'DynamicCache' object has no attribute 'get_max_length'. Did you mean: 'get_seq_length'?
[2026-06-08 16:32:47] INFO - vlmeval.__main__: Run Summary Report:
[2026-06-08 16:32:47] INFO - vlmeval.__main__: 
benchmark                  infer_fail_rate    judge_fail_rate    primary_metric    primary_metric_value    skip_reason    eval_error
-------------------------  -----------------  -----------------  ----------------  ----------------------  -------------  -------------------------------------------------------
DermNet_Test_mac_relative  -                  -                  -                 -                       -              'DynamicCache' object has no attribute 'get_max_length'
[2026-06-08 16:32:48] ERROR - vlmeval.__main__: Model Phi-3.5-Vision-4bit x Dataset DermNet_Test_mac_relative combination failed: 'DynamicCache' object has no attribute 'get_max_length', skipping this combination.
Traceback (most recent call last):
  File "/mnt/tp/tungns/MinhKem/DermNet_Dataset/Phase_2/VLMEvalKit/run.py", line 763, in run_local_mode
    model = infer_data_job(
  File "/mnt/tp/tungns/MinhKem/DermNet_Dataset/Phase_2/VLMEvalKit/vlmeval/inference.py", line 245, in infer_data_job
    model = infer_data(
  File "/mnt/tp/tungns/MinhKem/DermNet_Dataset/Phase_2/VLMEvalKit/vlmeval/inference.py", line 202, in infer_data
    response = model.generate(message=struct, dataset=dataset_name)
  File "/mnt/tp/tungns/MinhKem/DermNet_Dataset/Phase_2/VLMEvalKit/vlmeval/vlm/base.py", line 122, in generate
    return self.generate_inner(message, dataset)
  File "/mnt/tp/tungns/MinhKem/DermNet_Dataset/Phase_2/VLMEvalKit/vlmeval/vlm/phi3_vision.py", line 160, in generate_inner
    generate_ids = self.model.generate(
  File "/mnt/tp/miniconda/envs/dermnet/lib/python3.10/site-packages/torch/utils/_contextlib.py", line 124, in decorate_context
    return func(*args, **kwargs)
  File "/mnt/tp/miniconda/envs/dermnet/lib/python3.10/site-packages/transformers/generation/utils.py", line 2223, in generate
    result = self._sample(
  File "/mnt/tp/miniconda/envs/dermnet/lib/python3.10/site-packages/transformers/generation/utils.py", line 3204, in _sample
    model_inputs = self.prepare_inputs_for_generation(input_ids, **model_kwargs)
  File "/mnt/tp/.cache/huggingface/modules/transformers_modules/microsoft/Phi-3.5-vision-instruct/12b77fb40b63a2c73c68243d3f767aab688a1b2a/modeling_phi3_v.py", line 1661, in prepare_inputs_for_generation
    max_cache_length = past_key_values.get_max_length()
  File "/mnt/tp/miniconda/envs/dermnet/lib/python3.10/site-packages/torch/nn/modules/module.py", line 1967, in __getattr__
    raise AttributeError(
AttributeError: 'DynamicCache' object has no attribute 'get_max_length'. Did you mean: 'get_seq_length'?
