[2026-06-06 15:40:12] INFO - vlmeval.__main__: --reuse is set, reuse-aux=all
[2026-06-06 15:40:12] INFO - vlmeval.__main__: =========== Janus-Pro-1B ===========
[2026-06-06 15:40:12] INFO - vlmeval.__main__: ----------- DermNet_Val_4k-2_mac_relative -----------
[2026-06-06 15:40:12] INFO - vlmeval.__main__: {'nproc': 32, 'verbose': False, 'retry': 6, 'timeout': 600}
[2026-06-06 15:40:12] ERROR - vlmeval.__main__: Model Janus-Pro-1B x Dataset DermNet_Val_4k-2_mac_relative combination failed: No module named 'janus', skipping this combination.
Traceback (most recent call last):
  File "/mnt/tp/tungns/MinhKem/DermNet_Dataset/Phase_2/VLMEvalKit/run.py", line 763, in run_local_mode
    model = infer_data_job(
  File "/mnt/tp/tungns/MinhKem/DermNet_Dataset/Phase_2/VLMEvalKit/vlmeval/inference.py", line 245, in infer_data_job
    model = infer_data(
  File "/mnt/tp/tungns/MinhKem/DermNet_Dataset/Phase_2/VLMEvalKit/vlmeval/inference.py", line 143, in infer_data
    model = supported_VLM[model_name](**kwargs) if isinstance(model, str) else model
  File "/mnt/tp/tungns/MinhKem/DermNet_Dataset/Phase_2/VLMEvalKit/vlmeval/vlm/janus.py", line 27, in __init__
    self.check_install()
  File "/mnt/tp/tungns/MinhKem/DermNet_Dataset/Phase_2/VLMEvalKit/vlmeval/vlm/janus.py", line 24, in check_install
    raise e
  File "/mnt/tp/tungns/MinhKem/DermNet_Dataset/Phase_2/VLMEvalKit/vlmeval/vlm/janus.py", line 20, in check_install
    import janus  # noqa: F401
ModuleNotFoundError: No module named 'janus'
[2026-06-06 15:40:12] INFO - vlmeval.__main__: Run Summary Report:
[2026-06-06 15:40:12] INFO - vlmeval.__main__: 
benchmark                      infer_fail_rate    judge_fail_rate    primary_metric    primary_metric_value    skip_reason    eval_error
-----------------------------  -----------------  -----------------  ----------------  ----------------------  -------------  -----------------------
DermNet_Val_4k-2_mac_relative  -                  -                  -                 -                       -              No module named 'janus'
