[2026-06-05 15:41:41] INFO - vlmeval.__main__: --reuse is set, reuse-aux=all
[2026-06-05 15:41:41] INFO - vlmeval.__main__: =========== deepseek_vl2_tiny ===========
[2026-06-05 15:41:41] INFO - vlmeval.__main__: ----------- DermNet_Val_4k-2_mac_relative -----------
[2026-06-05 15:41:41] INFO - vlmeval.__main__: =========== deepseek_vl2_tiny ===========
[2026-06-05 15:41:41] INFO - vlmeval.__main__: ----------- DermNet_Val_4k-2_mac_relative -----------
[2026-06-05 15:41:41] INFO - vlmeval.__main__: {'nproc': 32, 'verbose': False, 'retry': 6, 'timeout': 600}
[2026-06-05 15:41:41] ERROR - vlmeval.__main__: Model deepseek_vl2_tiny x Dataset DermNet_Val_4k-2_mac_relative combination failed: No module named 'deepseek_vl2', skipping this combination.
Traceback (most recent call last):
  File "/mnt/tp/tungns/MinhKem/DermNet_Dataset/Phase_2/VLMEvalKit/run.py", line 763, in run_local_mode
    model = infer_data_job(
  File "/mnt/tp/tungns/MinhKem/DermNet_Dataset/Phase_2/VLMEvalKit/vlmeval/inference.py", line 245, in infer_data_job
    model = infer_data(
  File "/mnt/tp/tungns/MinhKem/DermNet_Dataset/Phase_2/VLMEvalKit/vlmeval/inference.py", line 143, in infer_data
    model = supported_VLM[model_name](**kwargs) if isinstance(model, str) else model
  File "/mnt/tp/tungns/MinhKem/DermNet_Dataset/Phase_2/VLMEvalKit/vlmeval/vlm/deepseek_vl2.py", line 25, in __init__
    self.check_install()
  File "/mnt/tp/tungns/MinhKem/DermNet_Dataset/Phase_2/VLMEvalKit/vlmeval/vlm/deepseek_vl2.py", line 22, in check_install
    raise e
  File "/mnt/tp/tungns/MinhKem/DermNet_Dataset/Phase_2/VLMEvalKit/vlmeval/vlm/deepseek_vl2.py", line 18, in check_install
    import deepseek_vl2  # noqa: F401
ModuleNotFoundError: No module named 'deepseek_vl2'
[2026-06-05 15:41:41] ERROR - vlmeval.__main__: Model deepseek_vl2_tiny x Dataset DermNet_Val_4k-2_mac_relative combination failed: No module named 'deepseek_vl2', skipping this combination.
Traceback (most recent call last):
  File "/mnt/tp/tungns/MinhKem/DermNet_Dataset/Phase_2/VLMEvalKit/run.py", line 763, in run_local_mode
    model = infer_data_job(
  File "/mnt/tp/tungns/MinhKem/DermNet_Dataset/Phase_2/VLMEvalKit/vlmeval/inference.py", line 245, in infer_data_job
    model = infer_data(
  File "/mnt/tp/tungns/MinhKem/DermNet_Dataset/Phase_2/VLMEvalKit/vlmeval/inference.py", line 143, in infer_data
    model = supported_VLM[model_name](**kwargs) if isinstance(model, str) else model
  File "/mnt/tp/tungns/MinhKem/DermNet_Dataset/Phase_2/VLMEvalKit/vlmeval/vlm/deepseek_vl2.py", line 25, in __init__
    self.check_install()
  File "/mnt/tp/tungns/MinhKem/DermNet_Dataset/Phase_2/VLMEvalKit/vlmeval/vlm/deepseek_vl2.py", line 22, in check_install
    raise e
  File "/mnt/tp/tungns/MinhKem/DermNet_Dataset/Phase_2/VLMEvalKit/vlmeval/vlm/deepseek_vl2.py", line 18, in check_install
    import deepseek_vl2  # noqa: F401
ModuleNotFoundError: No module named 'deepseek_vl2'
[2026-06-05 15:41:41] INFO - vlmeval.__main__: Run Summary Report:
[2026-06-05 15:41:41] INFO - vlmeval.__main__: 
benchmark                      infer_fail_rate    judge_fail_rate    primary_metric    primary_metric_value    skip_reason    eval_error
-----------------------------  -----------------  -----------------  ----------------  ----------------------  -------------  ------------------------------
DermNet_Val_4k-2_mac_relative  -                  -                  -                 -                       -              No module named 'deepseek_vl2'
