[2026-06-07 14:50:36] INFO - vlmeval.__main__: --reuse is set, reuse-aux=all
[2026-06-07 14:50:36] INFO - vlmeval.__main__: =========== Gemma3-4B ===========
[2026-06-07 14:50:36] INFO - vlmeval.__main__: ----------- DermNet_Test_mac_relative -----------
[2026-06-07 14:50:36] INFO - vlmeval.__main__: =========== Gemma3-4B ===========
[2026-06-07 14:50:36] INFO - vlmeval.__main__: ----------- DermNet_Test_mac_relative -----------
[2026-06-07 14:50:37] INFO - vlmeval.smp.file: --reuse-aux=all, will reuse inference auxiliary file outputs/Gemma3-4B/T20260607-131144/12_DermNet_Test_mac_relative.pkl
[2026-06-07 14:50:37] INFO - vlmeval.smp.file: --reuse-aux=all, will reuse inference auxiliary file outputs/Gemma3-4B/T20260607-131144/02_DermNet_Test_mac_relative.pkl
[2026-06-07 14:50:37] INFO - vlmeval.__main__: {'nproc': 32, 'verbose': False, 'retry': 6, 'timeout': 600}
[2026-06-07 14:50:39] ERROR - vlmeval.__main__: Model Gemma3-4B x Dataset DermNet_Test_mac_relative combination failed: CUDA out of memory. Tried to allocate 5.02 GiB. GPU 0 has a total capacity of 44.67 GiB of which 3.43 GiB is free. Process 2217843 has 20.18 GiB memory in use. Process 2220167 has 16.30 GiB memory in use. Process 2234434 has 4.27 GiB memory in use. Including non-PyTorch memory, this process has 482.00 MiB memory in use. Of the allocated memory 0 bytes is allocated by PyTorch, and 0 bytes is reserved by PyTorch but unallocated. If reserved but unallocated memory is large try setting PYTORCH_CUDA_ALLOC_CONF=expandable_segments:True to avoid fragmentation.  See documentation for Memory Management  (https://docs.pytorch.org/docs/stable/notes/cuda.html#optimizing-memory-usage-with-pytorch-cuda-alloc-conf), skipping this combination.
Traceback (most recent call last):
  File "/mnt/tp/tungns/MinhKem/DermNet_Dataset/Phase_2/VLMEvalKit/run.py", line 763, in run_local_mode
    model = infer_data_job(
  File "/mnt/tp/tungns/MinhKem/DermNet_Dataset/Phase_2/VLMEvalKit/vlmeval/inference.py", line 245, in infer_data_job
    model = infer_data(
  File "/mnt/tp/tungns/MinhKem/DermNet_Dataset/Phase_2/VLMEvalKit/vlmeval/inference.py", line 143, in infer_data
    model = supported_VLM[model_name](**kwargs) if isinstance(model, str) else model
  File "/mnt/tp/tungns/MinhKem/DermNet_Dataset/Phase_2/VLMEvalKit/vlmeval/vlm/gemma.py", line 105, in __init__
    self.model = Gemma3ForConditionalGeneration.from_pretrained(
  File "/mnt/tp/miniconda/envs/dermnet/lib/python3.10/site-packages/transformers/modeling_utils.py", line 4308, in from_pretrained
    loading_info, disk_offload_index = cls._load_pretrained_model(model, state_dict, checkpoint_files, load_config)
  File "/mnt/tp/miniconda/envs/dermnet/lib/python3.10/site-packages/transformers/modeling_utils.py", line 4389, in _load_pretrained_model
    caching_allocator_warmup(model, expanded_device_map, load_config.hf_quantizer)
  File "/mnt/tp/miniconda/envs/dermnet/lib/python3.10/site-packages/transformers/modeling_utils.py", line 5069, in caching_allocator_warmup
    _ = torch.empty(int(byte_count // 2), dtype=torch.float16, device=device, requires_grad=False)
torch.OutOfMemoryError: CUDA out of memory. Tried to allocate 5.02 GiB. GPU 0 has a total capacity of 44.67 GiB of which 3.43 GiB is free. Process 2217843 has 20.18 GiB memory in use. Process 2220167 has 16.30 GiB memory in use. Process 2234434 has 4.27 GiB memory in use. Including non-PyTorch memory, this process has 482.00 MiB memory in use. Of the allocated memory 0 bytes is allocated by PyTorch, and 0 bytes is reserved by PyTorch but unallocated. If reserved but unallocated memory is large try setting PYTORCH_CUDA_ALLOC_CONF=expandable_segments:True to avoid fragmentation.  See documentation for Memory Management  (https://docs.pytorch.org/docs/stable/notes/cuda.html#optimizing-memory-usage-with-pytorch-cuda-alloc-conf)
[2026-06-07 14:50:39] INFO - vlmeval.__main__: Run Summary Report:
[2026-06-07 14:50:39] INFO - vlmeval.__main__: 
benchmark                  infer_fail_rate    judge_fail_rate    primary_metric    primary_metric_value    skip_reason    eval_error
-------------------------  -----------------  -----------------  ----------------  ----------------------  -------------  ---------------------------------------------------------------------------------------------------------------------------
DermNet_Test_mac_relative  -                  -                  -                 -                       -              CUDA out of memory. Tried to allocate 5.02 GiB. GPU 0 has a total capacity of 44.67 GiB of which 3.43 GiB is free. Proce...
[2026-06-07 14:50:40] ERROR - vlmeval.__main__: Model Gemma3-4B x Dataset DermNet_Test_mac_relative combination failed: CUDA out of memory. Tried to allocate 5.02 GiB. GPU 0 has a total capacity of 44.67 GiB of which 3.35 GiB is free. Process 2218896 has 18.53 GiB memory in use. Process 2220168 has 16.29 GiB memory in use. Process 2234435 has 6.01 GiB memory in use. Including non-PyTorch memory, this process has 482.00 MiB memory in use. Of the allocated memory 0 bytes is allocated by PyTorch, and 0 bytes is reserved by PyTorch but unallocated. If reserved but unallocated memory is large try setting PYTORCH_CUDA_ALLOC_CONF=expandable_segments:True to avoid fragmentation.  See documentation for Memory Management  (https://docs.pytorch.org/docs/stable/notes/cuda.html#optimizing-memory-usage-with-pytorch-cuda-alloc-conf), skipping this combination.
Traceback (most recent call last):
  File "/mnt/tp/tungns/MinhKem/DermNet_Dataset/Phase_2/VLMEvalKit/run.py", line 763, in run_local_mode
    model = infer_data_job(
  File "/mnt/tp/tungns/MinhKem/DermNet_Dataset/Phase_2/VLMEvalKit/vlmeval/inference.py", line 245, in infer_data_job
    model = infer_data(
  File "/mnt/tp/tungns/MinhKem/DermNet_Dataset/Phase_2/VLMEvalKit/vlmeval/inference.py", line 143, in infer_data
    model = supported_VLM[model_name](**kwargs) if isinstance(model, str) else model
  File "/mnt/tp/tungns/MinhKem/DermNet_Dataset/Phase_2/VLMEvalKit/vlmeval/vlm/gemma.py", line 105, in __init__
    self.model = Gemma3ForConditionalGeneration.from_pretrained(
  File "/mnt/tp/miniconda/envs/dermnet/lib/python3.10/site-packages/transformers/modeling_utils.py", line 4308, in from_pretrained
    loading_info, disk_offload_index = cls._load_pretrained_model(model, state_dict, checkpoint_files, load_config)
  File "/mnt/tp/miniconda/envs/dermnet/lib/python3.10/site-packages/transformers/modeling_utils.py", line 4389, in _load_pretrained_model
    caching_allocator_warmup(model, expanded_device_map, load_config.hf_quantizer)
  File "/mnt/tp/miniconda/envs/dermnet/lib/python3.10/site-packages/transformers/modeling_utils.py", line 5069, in caching_allocator_warmup
    _ = torch.empty(int(byte_count // 2), dtype=torch.float16, device=device, requires_grad=False)
torch.OutOfMemoryError: CUDA out of memory. Tried to allocate 5.02 GiB. GPU 0 has a total capacity of 44.67 GiB of which 3.35 GiB is free. Process 2218896 has 18.53 GiB memory in use. Process 2220168 has 16.29 GiB memory in use. Process 2234435 has 6.01 GiB memory in use. Including non-PyTorch memory, this process has 482.00 MiB memory in use. Of the allocated memory 0 bytes is allocated by PyTorch, and 0 bytes is reserved by PyTorch but unallocated. If reserved but unallocated memory is large try setting PYTORCH_CUDA_ALLOC_CONF=expandable_segments:True to avoid fragmentation.  See documentation for Memory Management  (https://docs.pytorch.org/docs/stable/notes/cuda.html#optimizing-memory-usage-with-pytorch-cuda-alloc-conf)
