[2026-06-04 09:57:02] INFO - vlmeval.__main__: --reuse is set, reuse-aux=all
[2026-06-04 09:57:02] INFO - vlmeval.__main__: =========== Vintern-1B-v2 ===========
[2026-06-04 09:57:02] INFO - vlmeval.__main__: ----------- DermNet_Test_mac_relative -----------
[2026-06-04 09:57:02] INFO - vlmeval.__main__: =========== Vintern-1B-v2 ===========
[2026-06-04 09:57:02] INFO - vlmeval.__main__: ----------- DermNet_Test_mac_relative -----------
[2026-06-04 09:57:03] INFO - vlmeval.__main__: {'nproc': 32, 'verbose': False, 'retry': 6, 'timeout': 600}
[2026-06-04 09:57:05] ERROR - vlmeval.__main__: Model Vintern-1B-v2 x Dataset DermNet_Test_mac_relative combination failed: InternVLChatModel.__init__() got an unexpected keyword argument 'load_in_8bit', skipping this combination.
Traceback (most recent call last):
  File "/mnt/tp/tungns/MinhKem/DermNet_Dataset/Phase_2/VLMEvalKit/run.py", line 763, in run_local_mode
    model = infer_data_job(
  File "/mnt/tp/tungns/MinhKem/DermNet_Dataset/Phase_2/VLMEvalKit/vlmeval/inference.py", line 245, in infer_data_job
    model = infer_data(
  File "/mnt/tp/tungns/MinhKem/DermNet_Dataset/Phase_2/VLMEvalKit/vlmeval/inference.py", line 143, in infer_data
    model = supported_VLM[model_name](**kwargs) if isinstance(model, str) else model
  File "/mnt/tp/tungns/MinhKem/DermNet_Dataset/Phase_2/VLMEvalKit/vlmeval/vlm/vintern_chat.py", line 136, in __init__
    self.model = AutoModel.from_pretrained(
  File "/mnt/tp/miniconda/envs/dermnet/lib/python3.10/site-packages/transformers/models/auto/auto_factory.py", line 389, in from_pretrained
    return model_class.from_pretrained(
  File "/mnt/tp/miniconda/envs/dermnet/lib/python3.10/site-packages/transformers/modeling_utils.py", line 4264, in from_pretrained
    model = cls(config, *model_args, **model_kwargs)
TypeError: InternVLChatModel.__init__() got an unexpected keyword argument 'load_in_8bit'
[2026-06-04 09:57:05] ERROR - vlmeval.__main__: Model Vintern-1B-v2 x Dataset DermNet_Test_mac_relative combination failed: InternVLChatModel.__init__() got an unexpected keyword argument 'load_in_8bit', skipping this combination.
Traceback (most recent call last):
  File "/mnt/tp/tungns/MinhKem/DermNet_Dataset/Phase_2/VLMEvalKit/run.py", line 763, in run_local_mode
    model = infer_data_job(
  File "/mnt/tp/tungns/MinhKem/DermNet_Dataset/Phase_2/VLMEvalKit/vlmeval/inference.py", line 245, in infer_data_job
    model = infer_data(
  File "/mnt/tp/tungns/MinhKem/DermNet_Dataset/Phase_2/VLMEvalKit/vlmeval/inference.py", line 143, in infer_data
    model = supported_VLM[model_name](**kwargs) if isinstance(model, str) else model
  File "/mnt/tp/tungns/MinhKem/DermNet_Dataset/Phase_2/VLMEvalKit/vlmeval/vlm/vintern_chat.py", line 136, in __init__
    self.model = AutoModel.from_pretrained(
  File "/mnt/tp/miniconda/envs/dermnet/lib/python3.10/site-packages/transformers/models/auto/auto_factory.py", line 389, in from_pretrained
    return model_class.from_pretrained(
  File "/mnt/tp/miniconda/envs/dermnet/lib/python3.10/site-packages/transformers/modeling_utils.py", line 4264, in from_pretrained
    model = cls(config, *model_args, **model_kwargs)
TypeError: InternVLChatModel.__init__() got an unexpected keyword argument 'load_in_8bit'
[2026-06-04 09:57:05] INFO - vlmeval.__main__: Run Summary Report:
[2026-06-04 09:57:05] INFO - vlmeval.__main__: 
benchmark                  infer_fail_rate    judge_fail_rate    primary_metric    primary_metric_value    skip_reason    eval_error
-------------------------  -----------------  -----------------  ----------------  ----------------------  -------------  ------------------------------------------------------------------------------
DermNet_Test_mac_relative  -                  -                  -                 -                       -              InternVLChatModel.__init__() got an unexpected keyword argument 'load_in_8bit'
