[2026-06-07 07:56:23] INFO - vlmeval.__main__: --reuse is set, reuse-aux=all
[2026-06-07 07:56:23] INFO - vlmeval.__main__: =========== llava_v1.5_7b_4bit ===========
[2026-06-07 07:56:23] INFO - vlmeval.__main__: ----------- DermNet_Test_mac_relative -----------
[2026-06-07 07:56:23] INFO - vlmeval.__main__: =========== llava_v1.5_7b_4bit ===========
[2026-06-07 07:56:23] INFO - vlmeval.__main__: ----------- DermNet_Test_mac_relative -----------
[2026-06-07 07:56:24] INFO - vlmeval.smp.file: --reuse-aux=all, will reuse inference auxiliary file outputs/llava_v1.5_7b_4bit/T20260607-074250/12_DermNet_Test_mac_relative.pkl
[2026-06-07 07:56:24] INFO - vlmeval.smp.file: --reuse-aux=all, will reuse inference auxiliary file outputs/llava_v1.5_7b_4bit/T20260607-074250/02_DermNet_Test_mac_relative.pkl
[2026-06-07 07:56:24] INFO - vlmeval.__main__: {'nproc': 32, 'verbose': False, 'retry': 6, 'timeout': 600}
[2026-06-07 07:56:27] ERROR - vlmeval.__main__: Model llava_v1.5_7b_4bit x Dataset DermNet_Test_mac_relative combination failed: Using `bitsandbytes` 4-bit quantization requires bitsandbytes: `pip install -U bitsandbytes>=0.46.1`, skipping this combination.
Traceback (most recent call last):
  File "/mnt/tp/tungns/MinhKem/DermNet_Dataset/Phase_2/VLMEvalKit/run.py", line 763, in run_local_mode
    model = infer_data_job(
  File "/mnt/tp/tungns/MinhKem/DermNet_Dataset/Phase_2/VLMEvalKit/vlmeval/inference.py", line 245, in infer_data_job
    model = infer_data(
  File "/mnt/tp/tungns/MinhKem/DermNet_Dataset/Phase_2/VLMEvalKit/vlmeval/inference.py", line 143, in infer_data
    model = supported_VLM[model_name](**kwargs) if isinstance(model, str) else model
  File "/mnt/tp/tungns/MinhKem/DermNet_Dataset/Phase_2/VLMEvalKit/vlmeval/vlm/llava/llava.py", line 70, in __init__
    raise err
  File "/mnt/tp/tungns/MinhKem/DermNet_Dataset/Phase_2/VLMEvalKit/vlmeval/vlm/llava/llava.py", line 51, in __init__
    load_pretrained_model(
  File "/mnt/tp/tungns/MinhKem/DermNet_Dataset/Phase_2/LLaVA/llava/model/builder.py", line 117, in load_pretrained_model
    model = LlavaLlamaForCausalLM.from_pretrained(
  File "/mnt/tp/miniconda/envs/dermnet/lib/python3.10/site-packages/transformers/modeling_utils.py", line 4193, in from_pretrained
    hf_quantizer, config, device_map = get_hf_quantizer(
  File "/mnt/tp/miniconda/envs/dermnet/lib/python3.10/site-packages/transformers/quantizers/auto.py", line 346, in get_hf_quantizer
    hf_quantizer.validate_environment(
  File "/mnt/tp/miniconda/envs/dermnet/lib/python3.10/site-packages/transformers/quantizers/quantizer_bnb_4bit.py", line 62, in validate_environment
    raise ImportError(
ImportError: Using `bitsandbytes` 4-bit quantization requires bitsandbytes: `pip install -U bitsandbytes>=0.46.1`
[2026-06-07 07:56:27] ERROR - vlmeval.__main__: Model llava_v1.5_7b_4bit x Dataset DermNet_Test_mac_relative combination failed: Using `bitsandbytes` 4-bit quantization requires bitsandbytes: `pip install -U bitsandbytes>=0.46.1`, skipping this combination.
Traceback (most recent call last):
  File "/mnt/tp/tungns/MinhKem/DermNet_Dataset/Phase_2/VLMEvalKit/run.py", line 763, in run_local_mode
    model = infer_data_job(
  File "/mnt/tp/tungns/MinhKem/DermNet_Dataset/Phase_2/VLMEvalKit/vlmeval/inference.py", line 245, in infer_data_job
    model = infer_data(
  File "/mnt/tp/tungns/MinhKem/DermNet_Dataset/Phase_2/VLMEvalKit/vlmeval/inference.py", line 143, in infer_data
    model = supported_VLM[model_name](**kwargs) if isinstance(model, str) else model
  File "/mnt/tp/tungns/MinhKem/DermNet_Dataset/Phase_2/VLMEvalKit/vlmeval/vlm/llava/llava.py", line 70, in __init__
    raise err
  File "/mnt/tp/tungns/MinhKem/DermNet_Dataset/Phase_2/VLMEvalKit/vlmeval/vlm/llava/llava.py", line 51, in __init__
    load_pretrained_model(
  File "/mnt/tp/tungns/MinhKem/DermNet_Dataset/Phase_2/LLaVA/llava/model/builder.py", line 117, in load_pretrained_model
    model = LlavaLlamaForCausalLM.from_pretrained(
  File "/mnt/tp/miniconda/envs/dermnet/lib/python3.10/site-packages/transformers/modeling_utils.py", line 4193, in from_pretrained
    hf_quantizer, config, device_map = get_hf_quantizer(
  File "/mnt/tp/miniconda/envs/dermnet/lib/python3.10/site-packages/transformers/quantizers/auto.py", line 346, in get_hf_quantizer
    hf_quantizer.validate_environment(
  File "/mnt/tp/miniconda/envs/dermnet/lib/python3.10/site-packages/transformers/quantizers/quantizer_bnb_4bit.py", line 62, in validate_environment
    raise ImportError(
ImportError: Using `bitsandbytes` 4-bit quantization requires bitsandbytes: `pip install -U bitsandbytes>=0.46.1`
[2026-06-07 07:56:27] INFO - vlmeval.__main__: Run Summary Report:
[2026-06-07 07:56:27] INFO - vlmeval.__main__: 
benchmark                  infer_fail_rate    judge_fail_rate    primary_metric    primary_metric_value    skip_reason    eval_error
-------------------------  -----------------  -----------------  ----------------  ----------------------  -------------  ----------------------------------------------------------------------------------------------------
DermNet_Test_mac_relative  -                  -                  -                 -                       -              Using `bitsandbytes` 4-bit quantization requires bitsandbytes: `pip install -U bitsandbytes>=0.46.1`
