[2026-06-06 09:26:21] INFO - vlmeval.__main__: --reuse is set, reuse-aux=all
[2026-06-06 09:26:21] INFO - vlmeval.__main__: =========== Gemma3-4B ===========
[2026-06-06 09:26:21] INFO - vlmeval.__main__: ----------- DermNet_Test_mac_relative -----------
[2026-06-06 09:26:21] INFO - vlmeval.__main__: =========== Gemma3-4B ===========
[2026-06-06 09:26:21] INFO - vlmeval.__main__: ----------- DermNet_Test_mac_relative -----------
[2026-06-06 09:26:21] INFO - vlmeval.smp.file: --reuse-aux=all, will reuse inference auxiliary file outputs/Gemma3-4B/T20260606-004457/02_DermNet_Test_mac_relative.pkl
[2026-06-06 09:26:21] INFO - vlmeval.__main__: {'nproc': 32, 'verbose': False, 'retry': 6, 'timeout': 600}
[2026-06-06 09:26:22] ERROR - vlmeval.__main__: Model Gemma3-4B x Dataset DermNet_Test_mac_relative combination failed: pickle data was truncated, skipping this combination.
Traceback (most recent call last):
  File "/mnt/tp/tungns/MinhKem/DermNet_Dataset/Phase_2/VLMEvalKit/run.py", line 763, in run_local_mode
    model = infer_data_job(
  File "/mnt/tp/tungns/MinhKem/DermNet_Dataset/Phase_2/VLMEvalKit/vlmeval/inference.py", line 245, in infer_data_job
    model = infer_data(
  File "/mnt/tp/tungns/MinhKem/DermNet_Dataset/Phase_2/VLMEvalKit/vlmeval/inference.py", line 107, in infer_data
    res.update(load(out_file))
  File "/mnt/tp/tungns/MinhKem/DermNet_Dataset/Phase_2/VLMEvalKit/vlmeval/smp/file.py", line 284, in load
    return handlers[suffix](f)
  File "/mnt/tp/tungns/MinhKem/DermNet_Dataset/Phase_2/VLMEvalKit/vlmeval/smp/file.py", line 250, in load_pkl
    return pickle.load(open(pth, 'rb'))
_pickle.UnpicklingError: pickle data was truncated
[2026-06-06 09:26:22] INFO - vlmeval.__main__: Run Summary Report:
[2026-06-06 09:26:22] INFO - vlmeval.__main__: 
benchmark                  infer_fail_rate    judge_fail_rate    primary_metric    primary_metric_value    skip_reason    eval_error
-------------------------  -----------------  -----------------  ----------------  ----------------------  -------------  -------------------------
DermNet_Test_mac_relative  -                  -                  -                 -                       -              pickle data was truncated
