[2026-06-16 10:28:02] INFO - vlmeval.__main__: --reuse is set, reuse-aux=all
[2026-06-16 10:28:02] INFO - vlmeval.__main__: =========== Gemma4-31B-it ===========
[2026-06-16 10:28:02] INFO - vlmeval.__main__: ----------- DermNet_Val_4k-2_mac_relative -----------
[2026-06-16 10:28:02] INFO - vlmeval.__main__: =========== Gemma4-31B-it ===========
[2026-06-16 10:28:02] INFO - vlmeval.__main__: ----------- DermNet_Val_4k-2_mac_relative -----------
[2026-06-16 10:28:02] INFO - vlmeval.__main__: {'nproc': 32, 'verbose': True, 'retry': 6, 'timeout': 600}
[2026-06-16 10:28:03] ERROR - vlmeval.__main__: Model Gemma4-31B-it x Dataset DermNet_Val_4k-2_mac_relative combination failed: The model is quantized with AwqConfig but you are passing a dict config. Please make sure to pass the same quantization config class to `from_pretrained` with different loading attributes., skipping this combination.
Traceback (most recent call last):
  File "/mnt/tp/tungns/MinhKem/DermNet_Dataset/Phase_2/VLMEvalKit/run.py", line 763, in run_local_mode
    model = infer_data_job(
  File "/mnt/tp/tungns/MinhKem/DermNet_Dataset/Phase_2/VLMEvalKit/vlmeval/inference.py", line 245, in infer_data_job
    model = infer_data(
  File "/mnt/tp/tungns/MinhKem/DermNet_Dataset/Phase_2/VLMEvalKit/vlmeval/inference.py", line 143, in infer_data
    model = supported_VLM[model_name](**kwargs) if isinstance(model, str) else model
  File "/mnt/tp/tungns/MinhKem/DermNet_Dataset/Phase_2/VLMEvalKit/vlmeval/vlm/gemma.py", line 477, in __init__
    self.model = AutoModelForImageTextToText.from_pretrained(
  File "/mnt/tp/miniconda/envs/dermnet/lib/python3.10/site-packages/transformers/models/auto/auto_factory.py", line 406, in from_pretrained
    return model_class.from_pretrained(
  File "/mnt/tp/miniconda/envs/dermnet/lib/python3.10/site-packages/transformers/modeling_utils.py", line 4201, in from_pretrained
    hf_quantizer, config, device_map = get_hf_quantizer(
  File "/mnt/tp/miniconda/envs/dermnet/lib/python3.10/site-packages/transformers/quantizers/auto.py", line 332, in get_hf_quantizer
    config.quantization_config = AutoHfQuantizer.merge_quantization_configs(
  File "/mnt/tp/miniconda/envs/dermnet/lib/python3.10/site-packages/transformers/quantizers/auto.py", line 250, in merge_quantization_configs
    raise ValueError(
ValueError: The model is quantized with AwqConfig but you are passing a dict config. Please make sure to pass the same quantization config class to `from_pretrained` with different loading attributes.
[2026-06-16 10:28:03] ERROR - vlmeval.__main__: Model Gemma4-31B-it x Dataset DermNet_Val_4k-2_mac_relative combination failed: The model is quantized with AwqConfig but you are passing a dict config. Please make sure to pass the same quantization config class to `from_pretrained` with different loading attributes., skipping this combination.
Traceback (most recent call last):
  File "/mnt/tp/tungns/MinhKem/DermNet_Dataset/Phase_2/VLMEvalKit/run.py", line 763, in run_local_mode
    model = infer_data_job(
  File "/mnt/tp/tungns/MinhKem/DermNet_Dataset/Phase_2/VLMEvalKit/vlmeval/inference.py", line 245, in infer_data_job
    model = infer_data(
  File "/mnt/tp/tungns/MinhKem/DermNet_Dataset/Phase_2/VLMEvalKit/vlmeval/inference.py", line 143, in infer_data
    model = supported_VLM[model_name](**kwargs) if isinstance(model, str) else model
  File "/mnt/tp/tungns/MinhKem/DermNet_Dataset/Phase_2/VLMEvalKit/vlmeval/vlm/gemma.py", line 477, in __init__
    self.model = AutoModelForImageTextToText.from_pretrained(
  File "/mnt/tp/miniconda/envs/dermnet/lib/python3.10/site-packages/transformers/models/auto/auto_factory.py", line 406, in from_pretrained
    return model_class.from_pretrained(
  File "/mnt/tp/miniconda/envs/dermnet/lib/python3.10/site-packages/transformers/modeling_utils.py", line 4201, in from_pretrained
    hf_quantizer, config, device_map = get_hf_quantizer(
  File "/mnt/tp/miniconda/envs/dermnet/lib/python3.10/site-packages/transformers/quantizers/auto.py", line 332, in get_hf_quantizer
    config.quantization_config = AutoHfQuantizer.merge_quantization_configs(
  File "/mnt/tp/miniconda/envs/dermnet/lib/python3.10/site-packages/transformers/quantizers/auto.py", line 250, in merge_quantization_configs
    raise ValueError(
ValueError: The model is quantized with AwqConfig but you are passing a dict config. Please make sure to pass the same quantization config class to `from_pretrained` with different loading attributes.
[2026-06-16 10:28:03] INFO - vlmeval.__main__: Run Summary Report:
[2026-06-16 10:28:03] INFO - vlmeval.__main__: 
benchmark                      infer_fail_rate    judge_fail_rate    primary_metric    primary_metric_value    skip_reason    eval_error
-----------------------------  -----------------  -----------------  ----------------  ----------------------  -------------  ---------------------------------------------------------------------------------------------------------------------------
DermNet_Val_4k-2_mac_relative  -                  -                  -                 -                       -              The model is quantized with AwqConfig but you are passing a dict config. Please make sure to pass the same quantization ...
