[2026-06-07 06:17:24] INFO - vlmeval.__main__: --reuse is set, reuse-aux=all
[2026-06-07 06:17:24] INFO - vlmeval.__main__: =========== Janus-Pro-1B ===========
[2026-06-07 06:17:24] INFO - vlmeval.__main__: ----------- DermNet_Test_mac_relative -----------
[2026-06-07 06:17:24] INFO - vlmeval.__main__: =========== Janus-Pro-1B ===========
[2026-06-07 06:17:24] INFO - vlmeval.__main__: ----------- DermNet_Test_mac_relative -----------
[2026-06-07 06:17:24] INFO - vlmeval.smp.file: --reuse-aux=all, will reuse inference auxiliary file outputs/Janus-Pro-1B/T20260606-221142/02_DermNet_Test_mac_relative.pkl
[2026-06-07 06:17:24] INFO - vlmeval.smp.file: --reuse-aux=all, will reuse inference auxiliary file outputs/Janus-Pro-1B/T20260606-221142/12_DermNet_Test_mac_relative.pkl
[2026-06-07 06:17:24] INFO - vlmeval.__main__: {'nproc': 32, 'verbose': False, 'retry': 6, 'timeout': 600}
[2026-06-07 06:17:25] ERROR - vlmeval.__main__: Model Janus-Pro-1B x Dataset DermNet_Test_mac_relative combination failed: No module named 'timm.layers', skipping this combination.
Traceback (most recent call last):
  File "/mnt/tp/tungns/MinhKem/DermNet_Dataset/Phase_2/VLMEvalKit/run.py", line 763, in run_local_mode
    model = infer_data_job(
  File "/mnt/tp/tungns/MinhKem/DermNet_Dataset/Phase_2/VLMEvalKit/vlmeval/inference.py", line 245, in infer_data_job
    model = infer_data(
  File "/mnt/tp/tungns/MinhKem/DermNet_Dataset/Phase_2/VLMEvalKit/vlmeval/inference.py", line 143, in infer_data
    model = supported_VLM[model_name](**kwargs) if isinstance(model, str) else model
  File "/mnt/tp/tungns/MinhKem/DermNet_Dataset/Phase_2/VLMEvalKit/vlmeval/vlm/janus.py", line 30, in __init__
    from janus.models import VLChatProcessor
  File "/mnt/tp/miniconda/envs/dermnet/lib/python3.10/site-packages/janus/models/__init__.py", line 21, in <module>
    from .modeling_vlm import MultiModalityCausalLM
  File "/mnt/tp/miniconda/envs/dermnet/lib/python3.10/site-packages/janus/models/modeling_vlm.py", line 32, in <module>
    from janus.models.clip_encoder import CLIPVisionTower
  File "/mnt/tp/miniconda/envs/dermnet/lib/python3.10/site-packages/janus/models/clip_encoder.py", line 27, in <module>
    from janus.models.siglip_vit import create_siglip_vit
  File "/mnt/tp/miniconda/envs/dermnet/lib/python3.10/site-packages/janus/models/siglip_vit.py", line 42, in <module>
    from timm.layers import (
ModuleNotFoundError: No module named 'timm.layers'
[2026-06-07 06:17:25] ERROR - vlmeval.__main__: Model Janus-Pro-1B x Dataset DermNet_Test_mac_relative combination failed: No module named 'timm.layers', skipping this combination.
Traceback (most recent call last):
  File "/mnt/tp/tungns/MinhKem/DermNet_Dataset/Phase_2/VLMEvalKit/run.py", line 763, in run_local_mode
    model = infer_data_job(
  File "/mnt/tp/tungns/MinhKem/DermNet_Dataset/Phase_2/VLMEvalKit/vlmeval/inference.py", line 245, in infer_data_job
    model = infer_data(
  File "/mnt/tp/tungns/MinhKem/DermNet_Dataset/Phase_2/VLMEvalKit/vlmeval/inference.py", line 143, in infer_data
    model = supported_VLM[model_name](**kwargs) if isinstance(model, str) else model
  File "/mnt/tp/tungns/MinhKem/DermNet_Dataset/Phase_2/VLMEvalKit/vlmeval/vlm/janus.py", line 30, in __init__
    from janus.models import VLChatProcessor
  File "/mnt/tp/miniconda/envs/dermnet/lib/python3.10/site-packages/janus/models/__init__.py", line 21, in <module>
    from .modeling_vlm import MultiModalityCausalLM
  File "/mnt/tp/miniconda/envs/dermnet/lib/python3.10/site-packages/janus/models/modeling_vlm.py", line 32, in <module>
    from janus.models.clip_encoder import CLIPVisionTower
  File "/mnt/tp/miniconda/envs/dermnet/lib/python3.10/site-packages/janus/models/clip_encoder.py", line 27, in <module>
    from janus.models.siglip_vit import create_siglip_vit
  File "/mnt/tp/miniconda/envs/dermnet/lib/python3.10/site-packages/janus/models/siglip_vit.py", line 42, in <module>
    from timm.layers import (
ModuleNotFoundError: No module named 'timm.layers'
[2026-06-07 06:17:25] INFO - vlmeval.__main__: Run Summary Report:
[2026-06-07 06:17:25] INFO - vlmeval.__main__: 
benchmark                  infer_fail_rate    judge_fail_rate    primary_metric    primary_metric_value    skip_reason    eval_error
-------------------------  -----------------  -----------------  ----------------  ----------------------  -------------  -----------------------------
DermNet_Test_mac_relative  -                  -                  -                 -                       -              No module named 'timm.layers'
