[2026-06-16 09:04:08] INFO - vlmeval.__main__: --reuse is set, reuse-aux=all
[2026-06-16 09:04:08] INFO - vlmeval.__main__: =========== Gemma4-31B-it ===========
[2026-06-16 09:04:08] INFO - vlmeval.__main__: ----------- DermNet_Val_4k-2_mac_relative -----------
[2026-06-16 09:04:08] INFO - vlmeval.__main__: =========== Gemma4-31B-it ===========
[2026-06-16 09:04:08] INFO - vlmeval.__main__: ----------- DermNet_Val_4k-2_mac_relative -----------
[2026-06-16 09:04:08] INFO - vlmeval.__main__: {'nproc': 32, 'verbose': True, 'retry': 6, 'timeout': 600}
[2026-06-16 09:04:08] ERROR - vlmeval.__main__: Model Gemma4-31B-it x Dataset DermNet_Val_4k-2_mac_relative combination failed: bnb_4bit_quant_type must be a string, skipping this combination.
Traceback (most recent call last):
  File "/mnt/tp/tungns/MinhKem/DermNet_Dataset/Phase_2/VLMEvalKit/run.py", line 763, in run_local_mode
    model = infer_data_job(
  File "/mnt/tp/tungns/MinhKem/DermNet_Dataset/Phase_2/VLMEvalKit/vlmeval/inference.py", line 245, in infer_data_job
    model = infer_data(
  File "/mnt/tp/tungns/MinhKem/DermNet_Dataset/Phase_2/VLMEvalKit/vlmeval/inference.py", line 143, in infer_data
    model = supported_VLM[model_name](**kwargs) if isinstance(model, str) else model
  File "/mnt/tp/tungns/MinhKem/DermNet_Dataset/Phase_2/VLMEvalKit/vlmeval/vlm/gemma.py", line 456, in __init__
    model_kwargs['quantization_config'] = BitsAndBytesConfig(
  File "/mnt/tp/miniconda/envs/dermnet/lib/python3.10/site-packages/transformers/utils/quantization_config.py", line 493, in __init__
    self.post_init()
  File "/mnt/tp/miniconda/envs/dermnet/lib/python3.10/site-packages/transformers/utils/quantization_config.py", line 546, in post_init
    raise TypeError("bnb_4bit_quant_type must be a string")
TypeError: bnb_4bit_quant_type must be a string
[2026-06-16 09:04:08] ERROR - vlmeval.__main__: Model Gemma4-31B-it x Dataset DermNet_Val_4k-2_mac_relative combination failed: bnb_4bit_quant_type must be a string, skipping this combination.
Traceback (most recent call last):
  File "/mnt/tp/tungns/MinhKem/DermNet_Dataset/Phase_2/VLMEvalKit/run.py", line 763, in run_local_mode
    model = infer_data_job(
  File "/mnt/tp/tungns/MinhKem/DermNet_Dataset/Phase_2/VLMEvalKit/vlmeval/inference.py", line 245, in infer_data_job
    model = infer_data(
  File "/mnt/tp/tungns/MinhKem/DermNet_Dataset/Phase_2/VLMEvalKit/vlmeval/inference.py", line 143, in infer_data
    model = supported_VLM[model_name](**kwargs) if isinstance(model, str) else model
  File "/mnt/tp/tungns/MinhKem/DermNet_Dataset/Phase_2/VLMEvalKit/vlmeval/vlm/gemma.py", line 456, in __init__
    model_kwargs['quantization_config'] = BitsAndBytesConfig(
  File "/mnt/tp/miniconda/envs/dermnet/lib/python3.10/site-packages/transformers/utils/quantization_config.py", line 493, in __init__
    self.post_init()
  File "/mnt/tp/miniconda/envs/dermnet/lib/python3.10/site-packages/transformers/utils/quantization_config.py", line 546, in post_init
    raise TypeError("bnb_4bit_quant_type must be a string")
TypeError: bnb_4bit_quant_type must be a string
[2026-06-16 09:04:08] INFO - vlmeval.__main__: Run Summary Report:
[2026-06-16 09:04:08] INFO - vlmeval.__main__: 
benchmark                      infer_fail_rate    judge_fail_rate    primary_metric    primary_metric_value    skip_reason    eval_error
-----------------------------  -----------------  -----------------  ----------------  ----------------------  -------------  ------------------------------------
DermNet_Val_4k-2_mac_relative  -                  -                  -                 -                       -              bnb_4bit_quant_type must be a string
