[2026-06-07 06:28:54] INFO - vlmeval.__main__: --reuse is set, reuse-aux=all
[2026-06-07 06:28:54] INFO - vlmeval.__main__: =========== Gemma3-4B ===========
[2026-06-07 06:28:54] INFO - vlmeval.__main__: ----------- DermNet_Test_mac_relative -----------
[2026-06-07 06:28:54] INFO - vlmeval.__main__: =========== Gemma3-4B ===========
[2026-06-07 06:28:54] INFO - vlmeval.__main__: ----------- DermNet_Test_mac_relative -----------
[2026-06-07 06:28:54] INFO - vlmeval.smp.file: --reuse-aux=all, will reuse inference auxiliary file outputs/Gemma3-4B/T20260606-153621/02_DermNet_Test_mac_relative.pkl
[2026-06-07 06:28:54] INFO - vlmeval.smp.file: --reuse-aux=all, will reuse inference auxiliary file outputs/Gemma3-4B/T20260606-153621/12_DermNet_Test_mac_relative.pkl
[2026-06-07 06:28:54] INFO - vlmeval.__main__: {'nproc': 32, 'verbose': False, 'retry': 6, 'timeout': 600}
[2026-06-07 06:28:55] ERROR - vlmeval.__main__: Model Gemma3-4B x Dataset DermNet_Test_mac_relative combination failed: cannot import name 'Gemma3ForConditionalGeneration' from 'transformers' (/mnt/tp/miniconda/envs/dermnet/lib/python3.10/site-packages/transformers/__init__.py), skipping this combination.
Traceback (most recent call last):
  File "/mnt/tp/tungns/MinhKem/DermNet_Dataset/Phase_2/VLMEvalKit/run.py", line 763, in run_local_mode
    model = infer_data_job(
  File "/mnt/tp/tungns/MinhKem/DermNet_Dataset/Phase_2/VLMEvalKit/vlmeval/inference.py", line 245, in infer_data_job
    model = infer_data(
  File "/mnt/tp/tungns/MinhKem/DermNet_Dataset/Phase_2/VLMEvalKit/vlmeval/inference.py", line 143, in infer_data
    model = supported_VLM[model_name](**kwargs) if isinstance(model, str) else model
  File "/mnt/tp/tungns/MinhKem/DermNet_Dataset/Phase_2/VLMEvalKit/vlmeval/vlm/gemma.py", line 66, in __init__
    raise e
  File "/mnt/tp/tungns/MinhKem/DermNet_Dataset/Phase_2/VLMEvalKit/vlmeval/vlm/gemma.py", line 63, in __init__
    from transformers import AutoProcessor, Gemma3ForConditionalGeneration
ImportError: cannot import name 'Gemma3ForConditionalGeneration' from 'transformers' (/mnt/tp/miniconda/envs/dermnet/lib/python3.10/site-packages/transformers/__init__.py)
[2026-06-07 06:28:55] INFO - vlmeval.__main__: Run Summary Report:
[2026-06-07 06:28:55] INFO - vlmeval.__main__: 
benchmark                  infer_fail_rate    judge_fail_rate    primary_metric    primary_metric_value    skip_reason    eval_error
-------------------------  -----------------  -----------------  ----------------  ----------------------  -------------  ---------------------------------------------------------------------------------------------------------------------------
DermNet_Test_mac_relative  -                  -                  -                 -                       -              cannot import name 'Gemma3ForConditionalGeneration' from 'transformers' (/mnt/tp/miniconda/envs/dermnet/lib/python3.10/s...
[2026-06-07 06:28:55] ERROR - vlmeval.__main__: Model Gemma3-4B x Dataset DermNet_Test_mac_relative combination failed: cannot import name 'Gemma3ForConditionalGeneration' from 'transformers' (/mnt/tp/miniconda/envs/dermnet/lib/python3.10/site-packages/transformers/__init__.py), skipping this combination.
Traceback (most recent call last):
  File "/mnt/tp/tungns/MinhKem/DermNet_Dataset/Phase_2/VLMEvalKit/run.py", line 763, in run_local_mode
    model = infer_data_job(
  File "/mnt/tp/tungns/MinhKem/DermNet_Dataset/Phase_2/VLMEvalKit/vlmeval/inference.py", line 245, in infer_data_job
    model = infer_data(
  File "/mnt/tp/tungns/MinhKem/DermNet_Dataset/Phase_2/VLMEvalKit/vlmeval/inference.py", line 143, in infer_data
    model = supported_VLM[model_name](**kwargs) if isinstance(model, str) else model
  File "/mnt/tp/tungns/MinhKem/DermNet_Dataset/Phase_2/VLMEvalKit/vlmeval/vlm/gemma.py", line 66, in __init__
    raise e
  File "/mnt/tp/tungns/MinhKem/DermNet_Dataset/Phase_2/VLMEvalKit/vlmeval/vlm/gemma.py", line 63, in __init__
    from transformers import AutoProcessor, Gemma3ForConditionalGeneration
ImportError: cannot import name 'Gemma3ForConditionalGeneration' from 'transformers' (/mnt/tp/miniconda/envs/dermnet/lib/python3.10/site-packages/transformers/__init__.py)
