[2026-06-07 14:49:47] INFO - vlmeval.__main__: --reuse is set, reuse-aux=all
[2026-06-07 14:49:47] INFO - vlmeval.__main__: =========== llava_v1.5_7b_4bit ===========
[2026-06-07 14:49:47] INFO - vlmeval.__main__: ----------- DermNet_Test_mac_relative -----------
[2026-06-07 14:49:47] INFO - vlmeval.__main__: =========== llava_v1.5_7b_4bit ===========
[2026-06-07 14:49:47] INFO - vlmeval.__main__: ----------- DermNet_Test_mac_relative -----------
[2026-06-07 14:49:48] INFO - vlmeval.smp.file: --reuse-aux=all, will reuse inference auxiliary file outputs/llava_v1.5_7b_4bit/T20260607-115047/12_DermNet_Test_mac_relative.pkl
[2026-06-07 14:49:48] INFO - vlmeval.smp.file: --reuse-aux=all, will reuse inference auxiliary file outputs/llava_v1.5_7b_4bit/T20260607-115047/02_DermNet_Test_mac_relative.pkl
[2026-06-07 14:49:48] INFO - vlmeval.__main__: {'nproc': 32, 'verbose': False, 'retry': 6, 'timeout': 600}
[2026-06-07 14:50:03] ERROR - vlmeval.__main__: Model llava_v1.5_7b_4bit x Dataset DermNet_Test_mac_relative combination failed: CUDA out of memory. Tried to allocate 16.00 MiB. GPU 0 has a total capacity of 44.67 GiB of which 6.69 MiB is free. Process 2217843 has 20.18 GiB memory in use. Process 2220167 has 16.29 GiB memory in use. Including non-PyTorch memory, this process has 4.27 GiB memory in use. Process 2234588 has 3.90 GiB memory in use. Of the allocated memory 3.68 GiB is allocated by PyTorch, and 119.79 MiB is reserved by PyTorch but unallocated. If reserved but unallocated memory is large try setting PYTORCH_CUDA_ALLOC_CONF=expandable_segments:True to avoid fragmentation.  See documentation for Memory Management  (https://docs.pytorch.org/docs/stable/notes/cuda.html#optimizing-memory-usage-with-pytorch-cuda-alloc-conf), skipping this combination.
Traceback (most recent call last):
  File "/mnt/tp/tungns/MinhKem/DermNet_Dataset/Phase_2/VLMEvalKit/run.py", line 763, in run_local_mode
    model = infer_data_job(
  File "/mnt/tp/tungns/MinhKem/DermNet_Dataset/Phase_2/VLMEvalKit/vlmeval/inference.py", line 245, in infer_data_job
    model = infer_data(
  File "/mnt/tp/tungns/MinhKem/DermNet_Dataset/Phase_2/VLMEvalKit/vlmeval/inference.py", line 143, in infer_data
    model = supported_VLM[model_name](**kwargs) if isinstance(model, str) else model
  File "/mnt/tp/tungns/MinhKem/DermNet_Dataset/Phase_2/VLMEvalKit/vlmeval/vlm/llava/llava.py", line 70, in __init__
    raise err
  File "/mnt/tp/tungns/MinhKem/DermNet_Dataset/Phase_2/VLMEvalKit/vlmeval/vlm/llava/llava.py", line 51, in __init__
    load_pretrained_model(
  File "/mnt/tp/tungns/MinhKem/DermNet_Dataset/Phase_2/LLaVA/llava/model/builder.py", line 157, in load_pretrained_model
    vision_tower.load_model(device_map=device_map)
  File "/mnt/tp/tungns/MinhKem/DermNet_Dataset/Phase_2/LLaVA/llava/model/multimodal_encoder/clip_encoder.py", line 30, in load_model
    self.vision_tower = CLIPVisionModel.from_pretrained(self.vision_tower_name, device_map=device_map)
  File "/mnt/tp/miniconda/envs/dermnet/lib/python3.10/site-packages/transformers/modeling_utils.py", line 4308, in from_pretrained
    loading_info, disk_offload_index = cls._load_pretrained_model(model, state_dict, checkpoint_files, load_config)
  File "/mnt/tp/miniconda/envs/dermnet/lib/python3.10/site-packages/transformers/modeling_utils.py", line 4438, in _load_pretrained_model
    loading_info, disk_offload_index = convert_and_load_state_dict_in_model(
  File "/mnt/tp/miniconda/envs/dermnet/lib/python3.10/site-packages/transformers/core_model_loading.py", line 1462, in convert_and_load_state_dict_in_model
    realized_value = mapping.convert(
  File "/mnt/tp/miniconda/envs/dermnet/lib/python3.10/site-packages/transformers/core_model_loading.py", line 830, in convert
    collected_tensors = self.materialize_tensors()
  File "/mnt/tp/miniconda/envs/dermnet/lib/python3.10/site-packages/transformers/core_model_loading.py", line 794, in materialize_tensors
    tensors = [future.result() for future in tensors if future.result() is not None]
  File "/mnt/tp/miniconda/envs/dermnet/lib/python3.10/site-packages/transformers/core_model_loading.py", line 794, in <listcomp>
    tensors = [future.result() for future in tensors if future.result() is not None]
  File "/mnt/tp/miniconda/envs/dermnet/lib/python3.10/concurrent/futures/_base.py", line 458, in result
    return self.__get_result()
  File "/mnt/tp/miniconda/envs/dermnet/lib/python3.10/concurrent/futures/_base.py", line 403, in __get_result
    raise self._exception
  File "/mnt/tp/miniconda/envs/dermnet/lib/python3.10/concurrent/futures/thread.py", line 58, in run
    result = self.fn(*self.args, **self.kwargs)
  File "/mnt/tp/miniconda/envs/dermnet/lib/python3.10/site-packages/transformers/core_model_loading.py", line 1005, in _job
    return _materialize_copy(tensor, device, dtype)
  File "/mnt/tp/miniconda/envs/dermnet/lib/python3.10/site-packages/transformers/core_model_loading.py", line 991, in _materialize_copy
    tensor = tensor.to(device=device, dtype=dtype)
torch.OutOfMemoryError: CUDA out of memory. Tried to allocate 16.00 MiB. GPU 0 has a total capacity of 44.67 GiB of which 6.69 MiB is free. Process 2217843 has 20.18 GiB memory in use. Process 2220167 has 16.29 GiB memory in use. Including non-PyTorch memory, this process has 4.27 GiB memory in use. Process 2234588 has 3.90 GiB memory in use. Of the allocated memory 3.68 GiB is allocated by PyTorch, and 119.79 MiB is reserved by PyTorch but unallocated. If reserved but unallocated memory is large try setting PYTORCH_CUDA_ALLOC_CONF=expandable_segments:True to avoid fragmentation.  See documentation for Memory Management  (https://docs.pytorch.org/docs/stable/notes/cuda.html#optimizing-memory-usage-with-pytorch-cuda-alloc-conf)
[2026-06-07 14:50:03] INFO - vlmeval.__main__: Run Summary Report:
[2026-06-07 14:50:03] INFO - vlmeval.__main__: 
benchmark                  infer_fail_rate    judge_fail_rate    primary_metric    primary_metric_value    skip_reason    eval_error
-------------------------  -----------------  -----------------  ----------------  ----------------------  -------------  ---------------------------------------------------------------------------------------------------------------------------
DermNet_Test_mac_relative  -                  -                  -                 -                       -              CUDA out of memory. Tried to allocate 16.00 MiB. GPU 0 has a total capacity of 44.67 GiB of which 6.69 MiB is free. Proc...
