[2026-06-06 15:42:33] INFO - vlmeval.__main__: --reuse is set, reuse-aux=all
[2026-06-06 15:42:33] INFO - vlmeval.__main__: =========== Janus-Pro-1B ===========
[2026-06-06 15:42:33] INFO - vlmeval.__main__: ----------- DermNet_Val_4k-2_mac_relative -----------
[2026-06-06 15:42:33] INFO - vlmeval.__main__: =========== Janus-Pro-1B ===========
[2026-06-06 15:42:33] INFO - vlmeval.__main__: ----------- DermNet_Val_4k-2_mac_relative -----------
[2026-06-06 15:42:34] INFO - vlmeval.__main__: {'nproc': 32, 'verbose': False, 'retry': 6, 'timeout': 600}
[2026-06-06 15:42:34] ERROR - vlmeval.__main__: Model Janus-Pro-1B x Dataset DermNet_Val_4k-2_mac_relative combination failed: mutable default <class 'dict'> for field params is not allowed: use default_factory, skipping this combination.
Traceback (most recent call last):
  File "/mnt/tp/tungns/MinhKem/DermNet_Dataset/Phase_2/VLMEvalKit/run.py", line 763, in run_local_mode
    model = infer_data_job(
  File "/mnt/tp/tungns/MinhKem/DermNet_Dataset/Phase_2/VLMEvalKit/vlmeval/inference.py", line 245, in infer_data_job
    model = infer_data(
  File "/mnt/tp/tungns/MinhKem/DermNet_Dataset/Phase_2/VLMEvalKit/vlmeval/inference.py", line 143, in infer_data
    model = supported_VLM[model_name](**kwargs) if isinstance(model, str) else model
  File "/mnt/tp/tungns/MinhKem/DermNet_Dataset/Phase_2/VLMEvalKit/vlmeval/vlm/janus.py", line 30, in __init__
    from janus.models import VLChatProcessor
  File "/mnt/tp/miniconda/envs/dermnet/lib/python3.10/site-packages/janus/models/__init__.py", line 21, in <module>
    from .modeling_vlm import MultiModalityCausalLM
  File "/mnt/tp/miniconda/envs/dermnet/lib/python3.10/site-packages/janus/models/modeling_vlm.py", line 73, in <module>
    class VisionConfig(PretrainedConfig):
  File "/mnt/tp/miniconda/envs/dermnet/lib/python3.10/site-packages/transformers/configuration_utils.py", line 316, in __init_subclass__
    cls = dataclass(cls, repr=False, kw_only=True)
  File "/mnt/tp/miniconda/envs/dermnet/lib/python3.10/dataclasses.py", line 1184, in dataclass
    return wrap(cls)
  File "/mnt/tp/miniconda/envs/dermnet/lib/python3.10/dataclasses.py", line 1175, in wrap
    return _process_class(cls, init, repr, eq, order, unsafe_hash,
  File "/mnt/tp/miniconda/envs/dermnet/lib/python3.10/dataclasses.py", line 955, in _process_class
    cls_fields.append(_get_field(cls, name, type, kw_only))
  File "/mnt/tp/miniconda/envs/dermnet/lib/python3.10/dataclasses.py", line 812, in _get_field
    raise ValueError(f'mutable default {type(f.default)} for field '
ValueError: mutable default <class 'dict'> for field params is not allowed: use default_factory
[2026-06-06 15:42:34] ERROR - vlmeval.__main__: Model Janus-Pro-1B x Dataset DermNet_Val_4k-2_mac_relative combination failed: mutable default <class 'dict'> for field params is not allowed: use default_factory, skipping this combination.
Traceback (most recent call last):
  File "/mnt/tp/tungns/MinhKem/DermNet_Dataset/Phase_2/VLMEvalKit/run.py", line 763, in run_local_mode
    model = infer_data_job(
  File "/mnt/tp/tungns/MinhKem/DermNet_Dataset/Phase_2/VLMEvalKit/vlmeval/inference.py", line 245, in infer_data_job
    model = infer_data(
  File "/mnt/tp/tungns/MinhKem/DermNet_Dataset/Phase_2/VLMEvalKit/vlmeval/inference.py", line 143, in infer_data
    model = supported_VLM[model_name](**kwargs) if isinstance(model, str) else model
  File "/mnt/tp/tungns/MinhKem/DermNet_Dataset/Phase_2/VLMEvalKit/vlmeval/vlm/janus.py", line 30, in __init__
    from janus.models import VLChatProcessor
  File "/mnt/tp/miniconda/envs/dermnet/lib/python3.10/site-packages/janus/models/__init__.py", line 21, in <module>
    from .modeling_vlm import MultiModalityCausalLM
  File "/mnt/tp/miniconda/envs/dermnet/lib/python3.10/site-packages/janus/models/modeling_vlm.py", line 73, in <module>
    class VisionConfig(PretrainedConfig):
  File "/mnt/tp/miniconda/envs/dermnet/lib/python3.10/site-packages/transformers/configuration_utils.py", line 316, in __init_subclass__
    cls = dataclass(cls, repr=False, kw_only=True)
  File "/mnt/tp/miniconda/envs/dermnet/lib/python3.10/dataclasses.py", line 1184, in dataclass
    return wrap(cls)
  File "/mnt/tp/miniconda/envs/dermnet/lib/python3.10/dataclasses.py", line 1175, in wrap
    return _process_class(cls, init, repr, eq, order, unsafe_hash,
  File "/mnt/tp/miniconda/envs/dermnet/lib/python3.10/dataclasses.py", line 955, in _process_class
    cls_fields.append(_get_field(cls, name, type, kw_only))
  File "/mnt/tp/miniconda/envs/dermnet/lib/python3.10/dataclasses.py", line 812, in _get_field
    raise ValueError(f'mutable default {type(f.default)} for field '
ValueError: mutable default <class 'dict'> for field params is not allowed: use default_factory
[2026-06-06 15:42:34] INFO - vlmeval.__main__: Run Summary Report:
[2026-06-06 15:42:34] INFO - vlmeval.__main__: 
benchmark                      infer_fail_rate    judge_fail_rate    primary_metric    primary_metric_value    skip_reason    eval_error
-----------------------------  -----------------  -----------------  ----------------  ----------------------  -------------  -----------------------------------------------------------------------------------
DermNet_Val_4k-2_mac_relative  -                  -                  -                 -                       -              mutable default <class 'dict'> for field params is not allowed: use default_factory
