[2026-06-16 10:23:01] INFO - vlmeval.__main__: --reuse is set, reuse-aux=all
[2026-06-16 10:23:01] INFO - vlmeval.__main__: =========== Gemma4-31B-it ===========
[2026-06-16 10:23:01] INFO - vlmeval.__main__: ----------- DermNet_Val_4k-2_mac_relative -----------
[2026-06-16 10:23:01] INFO - vlmeval.smp.file: --reuse-aux=all, will reuse inference auxiliary file outputs/Gemma4-31B-it/T20260616-101841/01_DermNet_Val_4k-2_mac_relative.pkl
[2026-06-16 10:23:01] INFO - vlmeval.__main__: {'nproc': 32, 'verbose': True, 'retry': 6, 'timeout': 600}
[2026-06-16 10:23:02] ERROR - vlmeval.__main__: Model Gemma4-31B-it x Dataset DermNet_Val_4k-2_mac_relative combination failed: Loading an AWQ quantized model requires gptqmodel. Please install it with `pip install gptqmodel`, skipping this combination.
Traceback (most recent call last):
  File "/mnt/tp/tungns/MinhKem/DermNet_Dataset/Phase_2/VLMEvalKit/run.py", line 763, in run_local_mode
    model = infer_data_job(
  File "/mnt/tp/tungns/MinhKem/DermNet_Dataset/Phase_2/VLMEvalKit/vlmeval/inference.py", line 245, in infer_data_job
    model = infer_data(
  File "/mnt/tp/tungns/MinhKem/DermNet_Dataset/Phase_2/VLMEvalKit/vlmeval/inference.py", line 143, in infer_data
    model = supported_VLM[model_name](**kwargs) if isinstance(model, str) else model
  File "/mnt/tp/tungns/MinhKem/DermNet_Dataset/Phase_2/VLMEvalKit/vlmeval/vlm/gemma.py", line 464, in __init__
    self.model = AutoModelForImageTextToText.from_pretrained(
  File "/mnt/tp/miniconda/envs/dermnet/lib/python3.10/site-packages/transformers/models/auto/auto_factory.py", line 406, in from_pretrained
    return model_class.from_pretrained(
  File "/mnt/tp/miniconda/envs/dermnet/lib/python3.10/site-packages/transformers/modeling_utils.py", line 4201, in from_pretrained
    hf_quantizer, config, device_map = get_hf_quantizer(
  File "/mnt/tp/miniconda/envs/dermnet/lib/python3.10/site-packages/transformers/quantizers/auto.py", line 346, in get_hf_quantizer
    hf_quantizer.validate_environment(
  File "/mnt/tp/miniconda/envs/dermnet/lib/python3.10/site-packages/transformers/quantizers/quantizer_awq.py", line 50, in validate_environment
    raise ImportError(
ImportError: Loading an AWQ quantized model requires gptqmodel. Please install it with `pip install gptqmodel`
[2026-06-16 10:23:02] INFO - vlmeval.__main__: Run Summary Report:
[2026-06-16 10:23:02] INFO - vlmeval.__main__: 
benchmark                      infer_fail_rate    judge_fail_rate    primary_metric    primary_metric_value    skip_reason    eval_error
-----------------------------  -----------------  -----------------  ----------------  ----------------------  -------------  -------------------------------------------------------------------------------------------------
DermNet_Val_4k-2_mac_relative  -                  -                  -                 -                       -              Loading an AWQ quantized model requires gptqmodel. Please install it with `pip install gptqmodel`
