[2026-06-06 03:22:56] INFO - vlmeval.__main__: --reuse is set, reuse-aux=all
[2026-06-06 03:22:56] INFO - vlmeval.__main__: =========== Gemma3-4B ===========
[2026-06-06 03:22:56] INFO - vlmeval.__main__: ----------- DermNet_Val_4k-2_mac_relative -----------
[2026-06-06 03:22:56] INFO - vlmeval.__main__: =========== Gemma3-4B ===========
[2026-06-06 03:22:56] INFO - vlmeval.__main__: ----------- DermNet_Val_4k-2_mac_relative -----------
[2026-06-06 03:22:57] INFO - vlmeval.smp.file: --reuse-aux=all, will reuse inference auxiliary file outputs/Gemma3-4B/T20260606-005127/02_DermNet_Val_4k-2_mac_relative.pkl
[2026-06-06 03:22:57] INFO - vlmeval.__main__: {'nproc': 32, 'verbose': False, 'retry': 6, 'timeout': 600}
[2026-06-06 03:22:58] ERROR - vlmeval.__main__: Model Gemma3-4B x Dataset DermNet_Val_4k-2_mac_relative combination failed: CUDA error: invalid device ordinal
GPU device may be out of range, do you have enough GPUs?
CUDA kernel errors might be asynchronously reported at some other API call, so the stacktrace below might be incorrect.
For debugging consider passing CUDA_LAUNCH_BLOCKING=1
Compile with `TORCH_USE_CUDA_DSA` to enable device-side assertions.
, skipping this combination.
Traceback (most recent call last):
  File "/mnt/tp/tungns/MinhKem/DermNet_Dataset/Phase_2/VLMEvalKit/run.py", line 763, in run_local_mode
    model = infer_data_job(
  File "/mnt/tp/tungns/MinhKem/DermNet_Dataset/Phase_2/VLMEvalKit/vlmeval/inference.py", line 245, in infer_data_job
    model = infer_data(
  File "/mnt/tp/tungns/MinhKem/DermNet_Dataset/Phase_2/VLMEvalKit/vlmeval/inference.py", line 143, in infer_data
    model = supported_VLM[model_name](**kwargs) if isinstance(model, str) else model
  File "/mnt/tp/tungns/MinhKem/DermNet_Dataset/Phase_2/VLMEvalKit/vlmeval/vlm/gemma.py", line 102, in __init__
    self.model = Gemma3ForConditionalGeneration.from_pretrained(
  File "/mnt/tp/miniconda/envs/dermnet/lib/python3.10/site-packages/transformers/modeling_utils.py", line 4308, in from_pretrained
    loading_info, disk_offload_index = cls._load_pretrained_model(model, state_dict, checkpoint_files, load_config)
  File "/mnt/tp/miniconda/envs/dermnet/lib/python3.10/site-packages/transformers/modeling_utils.py", line 4389, in _load_pretrained_model
    caching_allocator_warmup(model, expanded_device_map, load_config.hf_quantizer)
  File "/mnt/tp/miniconda/envs/dermnet/lib/python3.10/site-packages/transformers/modeling_utils.py", line 5032, in caching_allocator_warmup
    free_device_memory, total_device_memory = accelerator_module.mem_get_info(index)
  File "/mnt/tp/miniconda/envs/dermnet/lib/python3.10/site-packages/torch/cuda/memory.py", line 847, in mem_get_info
    return torch.cuda.cudart().cudaMemGetInfo(device)
torch.AcceleratorError: CUDA error: invalid device ordinal
GPU device may be out of range, do you have enough GPUs?
CUDA kernel errors might be asynchronously reported at some other API call, so the stacktrace below might be incorrect.
For debugging consider passing CUDA_LAUNCH_BLOCKING=1
Compile with `TORCH_USE_CUDA_DSA` to enable device-side assertions.

