[2026-06-07 02:29:56] INFO - vlmeval.__main__: --reuse is set, reuse-aux=all
[2026-06-07 02:29:56] INFO - vlmeval.__main__: =========== Gemma3-4B ===========
[2026-06-07 02:29:56] INFO - vlmeval.__main__: ----------- DermNet_Val_4k-2_mac_relative -----------
[2026-06-07 02:29:56] INFO - vlmeval.__main__: =========== Gemma3-4B ===========
[2026-06-07 02:29:56] INFO - vlmeval.__main__: ----------- DermNet_Val_4k-2_mac_relative -----------
[2026-06-07 02:29:56] INFO - vlmeval.smp.file: --reuse-aux=all, will reuse inference auxiliary file outputs/Gemma3-4B/T20260606-221400/12_DermNet_Val_4k-2_mac_relative.pkl
[2026-06-07 02:29:56] INFO - vlmeval.smp.file: --reuse-aux=all, will reuse inference auxiliary file outputs/Gemma3-4B/T20260606-221400/02_DermNet_Val_4k-2_mac_relative.pkl
[2026-06-07 02:29:56] INFO - vlmeval.__main__: {'nproc': 32, 'verbose': False, 'retry': 6, 'timeout': 600}
[2026-06-07 03:30:56] ERROR - vlmeval.__main__: Model Gemma3-4B x Dataset DermNet_Val_4k-2_mac_relative combination failed: , skipping this combination.
Traceback (most recent call last):
  File "/mnt/tp/tungns/MinhKem/DermNet_Dataset/Phase_2/VLMEvalKit/run.py", line 763, in run_local_mode
    model = infer_data_job(
  File "/mnt/tp/tungns/MinhKem/DermNet_Dataset/Phase_2/VLMEvalKit/vlmeval/inference.py", line 259, in infer_data_job
    assert x in data_all
AssertionError
[2026-06-07 03:30:56] INFO - vlmeval.__main__: Run Summary Report:
[2026-06-07 03:30:56] INFO - vlmeval.__main__: 
benchmark                      infer_fail_rate    judge_fail_rate    primary_metric    primary_metric_value    skip_reason    eval_error
-----------------------------  -----------------  -----------------  ----------------  ----------------------  -------------  ------------
DermNet_Val_4k-2_mac_relative  -                  -                  -                 -                       -              -
