[2026-06-06 15:48:09] INFO - vlmeval.__main__: --reuse is set, reuse-aux=all
[2026-06-06 15:48:09] INFO - vlmeval.__main__: =========== Janus-Pro-1B ===========
[2026-06-06 15:48:09] INFO - vlmeval.__main__: ----------- DermNet_Val_4k-2_mac_relative -----------
[2026-06-06 15:48:09] INFO - vlmeval.__main__: =========== Janus-Pro-1B ===========
[2026-06-06 15:48:09] INFO - vlmeval.__main__: ----------- DermNet_Val_4k-2_mac_relative -----------
[2026-06-06 15:48:09] INFO - vlmeval.__main__: {'nproc': 32, 'verbose': False, 'retry': 6, 'timeout': 600}
[2026-06-06 15:48:49] ERROR - vlmeval.__main__: Model Janus-Pro-1B x Dataset DermNet_Val_4k-2_mac_relative combination failed: 'MultiModalityCausalLM' object has no attribute 'all_tied_weights_keys', skipping this combination.
Traceback (most recent call last):
  File "/mnt/tp/tungns/MinhKem/DermNet_Dataset/Phase_2/VLMEvalKit/run.py", line 763, in run_local_mode
    model = infer_data_job(
  File "/mnt/tp/tungns/MinhKem/DermNet_Dataset/Phase_2/VLMEvalKit/vlmeval/inference.py", line 245, in infer_data_job
    model = infer_data(
  File "/mnt/tp/tungns/MinhKem/DermNet_Dataset/Phase_2/VLMEvalKit/vlmeval/inference.py", line 143, in infer_data
    model = supported_VLM[model_name](**kwargs) if isinstance(model, str) else model
  File "/mnt/tp/tungns/MinhKem/DermNet_Dataset/Phase_2/VLMEvalKit/vlmeval/vlm/janus.py", line 35, in __init__
    model = AutoModelForCausalLM.from_pretrained(model_path, trust_remote_code=True)
  File "/mnt/tp/miniconda/envs/dermnet/lib/python3.10/site-packages/transformers/models/auto/auto_factory.py", line 404, in from_pretrained
    return model_class.from_pretrained(
  File "/mnt/tp/miniconda/envs/dermnet/lib/python3.10/site-packages/transformers/modeling_utils.py", line 4309, in from_pretrained
    loading_info = cls._finalize_model_loading(model, load_config, loading_info)
  File "/mnt/tp/miniconda/envs/dermnet/lib/python3.10/site-packages/transformers/modeling_utils.py", line 4465, in _finalize_model_loading
    model._move_missing_keys_from_meta_to_device(
  File "/mnt/tp/miniconda/envs/dermnet/lib/python3.10/site-packages/transformers/modeling_utils.py", line 4748, in _move_missing_keys_from_meta_to_device
    for key in missing_keys - self.all_tied_weights_keys.keys():
  File "/mnt/tp/miniconda/envs/dermnet/lib/python3.10/site-packages/torch/nn/modules/module.py", line 1967, in __getattr__
    raise AttributeError(
AttributeError: 'MultiModalityCausalLM' object has no attribute 'all_tied_weights_keys'. Did you mean: '_tied_weights_keys'?
[2026-06-06 15:48:49] ERROR - vlmeval.__main__: Model Janus-Pro-1B x Dataset DermNet_Val_4k-2_mac_relative combination failed: 'MultiModalityCausalLM' object has no attribute 'all_tied_weights_keys', skipping this combination.
Traceback (most recent call last):
  File "/mnt/tp/tungns/MinhKem/DermNet_Dataset/Phase_2/VLMEvalKit/run.py", line 763, in run_local_mode
    model = infer_data_job(
  File "/mnt/tp/tungns/MinhKem/DermNet_Dataset/Phase_2/VLMEvalKit/vlmeval/inference.py", line 245, in infer_data_job
    model = infer_data(
  File "/mnt/tp/tungns/MinhKem/DermNet_Dataset/Phase_2/VLMEvalKit/vlmeval/inference.py", line 143, in infer_data
    model = supported_VLM[model_name](**kwargs) if isinstance(model, str) else model
  File "/mnt/tp/tungns/MinhKem/DermNet_Dataset/Phase_2/VLMEvalKit/vlmeval/vlm/janus.py", line 35, in __init__
    model = AutoModelForCausalLM.from_pretrained(model_path, trust_remote_code=True)
  File "/mnt/tp/miniconda/envs/dermnet/lib/python3.10/site-packages/transformers/models/auto/auto_factory.py", line 404, in from_pretrained
    return model_class.from_pretrained(
  File "/mnt/tp/miniconda/envs/dermnet/lib/python3.10/site-packages/transformers/modeling_utils.py", line 4309, in from_pretrained
    loading_info = cls._finalize_model_loading(model, load_config, loading_info)
  File "/mnt/tp/miniconda/envs/dermnet/lib/python3.10/site-packages/transformers/modeling_utils.py", line 4465, in _finalize_model_loading
    model._move_missing_keys_from_meta_to_device(
  File "/mnt/tp/miniconda/envs/dermnet/lib/python3.10/site-packages/transformers/modeling_utils.py", line 4748, in _move_missing_keys_from_meta_to_device
    for key in missing_keys - self.all_tied_weights_keys.keys():
  File "/mnt/tp/miniconda/envs/dermnet/lib/python3.10/site-packages/torch/nn/modules/module.py", line 1967, in __getattr__
    raise AttributeError(
AttributeError: 'MultiModalityCausalLM' object has no attribute 'all_tied_weights_keys'. Did you mean: '_tied_weights_keys'?
[2026-06-06 15:48:49] INFO - vlmeval.__main__: Run Summary Report:
[2026-06-06 15:48:49] INFO - vlmeval.__main__: 
benchmark                      infer_fail_rate    judge_fail_rate    primary_metric    primary_metric_value    skip_reason    eval_error
-----------------------------  -----------------  -----------------  ----------------  ----------------------  -------------  -----------------------------------------------------------------------
DermNet_Val_4k-2_mac_relative  -                  -                  -                 -                       -              'MultiModalityCausalLM' object has no attribute 'all_tied_weights_keys'
