[2026-06-10 06:49:21] INFO - vlmeval.__main__: --reuse is set, reuse-aux=all
[2026-06-10 06:49:21] INFO - vlmeval.__main__: =========== Phi-3.5-Vision-4bit ===========
[2026-06-10 06:49:21] INFO - vlmeval.__main__: ----------- DermNet_Test_mac_relative -----------
[2026-06-10 06:49:21] INFO - vlmeval.__main__: =========== Phi-3.5-Vision-4bit ===========
[2026-06-10 06:49:21] INFO - vlmeval.__main__: ----------- DermNet_Test_mac_relative -----------
[2026-06-10 06:49:24] INFO - vlmeval.smp.file: --reuse-aux=all, will reuse inference auxiliary file outputs/Phi-3.5-Vision-4bit/T20260610-050727/02_DermNet_Test_mac_relative.pkl
[2026-06-10 06:49:24] INFO - vlmeval.smp.file: --reuse-aux=all, will reuse inference auxiliary file outputs/Phi-3.5-Vision-4bit/T20260610-050727/12_DermNet_Test_mac_relative.pkl
[2026-06-10 06:49:24] INFO - vlmeval.__main__: {'nproc': 32, 'verbose': False, 'retry': 6, 'timeout': 600}
[2026-06-10 07:50:25] ERROR - vlmeval.__main__: Model Phi-3.5-Vision-4bit x Dataset DermNet_Test_mac_relative combination failed: , skipping this combination.
Traceback (most recent call last):
  File "/mnt/tp/tungns/MinhKem/DermNet_Dataset/Phase_2/VLMEvalKit/run.py", line 763, in run_local_mode
    model = infer_data_job(
  File "/mnt/tp/tungns/MinhKem/DermNet_Dataset/Phase_2/VLMEvalKit/vlmeval/inference.py", line 259, in infer_data_job
    assert x in data_all
AssertionError
[2026-06-10 07:50:25] INFO - vlmeval.__main__: Run Summary Report:
[2026-06-10 07:50:25] INFO - vlmeval.__main__: 
benchmark                  infer_fail_rate    judge_fail_rate    primary_metric    primary_metric_value    skip_reason    eval_error
-------------------------  -----------------  -----------------  ----------------  ----------------------  -------------  ------------
DermNet_Test_mac_relative  -                  -                  -                 -                       -              -
