[2026-06-07 06:24:43] INFO - vlmeval.__main__: --reuse is set, reuse-aux=all
[2026-06-07 06:24:43] INFO - vlmeval.__main__: =========== Janus-Pro-1B ===========
[2026-06-07 06:24:43] INFO - vlmeval.__main__: ----------- DermNet_Test_mac_relative -----------
[2026-06-07 06:24:43] INFO - vlmeval.__main__: =========== Janus-Pro-1B ===========
[2026-06-07 06:24:43] INFO - vlmeval.__main__: ----------- DermNet_Test_mac_relative -----------
[2026-06-07 06:24:44] INFO - vlmeval.smp.file: --reuse-aux=all, will reuse inference auxiliary file outputs/Janus-Pro-1B/T20260607-062217/02_DermNet_Test_mac_relative.pkl
[2026-06-07 06:24:44] INFO - vlmeval.smp.file: --reuse-aux=all, will reuse inference auxiliary file outputs/Janus-Pro-1B/T20260607-062217/12_DermNet_Test_mac_relative.pkl
[2026-06-07 06:24:44] INFO - vlmeval.__main__: {'nproc': 32, 'verbose': False, 'retry': 6, 'timeout': 600}
[2026-06-07 06:51:13] WARNING - vlmeval.smp.file: Failed to dump to pkl format, falling back to pkl: outputs/Janus-Pro-1B/T20260607-062442/02_DermNet_Test_mac_relative.pkl
[2026-06-07 06:51:13] ERROR - vlmeval.__main__: Model Janus-Pro-1B x Dataset DermNet_Test_mac_relative combination failed: [Errno 28] No space left on device, skipping this combination.
Traceback (most recent call last):
  File "/mnt/tp/tungns/MinhKem/DermNet_Dataset/Phase_2/VLMEvalKit/vlmeval/smp/file.py", line 177, in dump
    return handlers[suffix](data, f, **kwargs)
  File "/mnt/tp/tungns/MinhKem/DermNet_Dataset/Phase_2/VLMEvalKit/vlmeval/smp/file.py", line 151, in dump_pkl
    pickle.dump(data, open(pth, 'wb'))
OSError: [Errno 28] No space left on device

During handling of the above exception, another exception occurred:

Traceback (most recent call last):
  File "/mnt/tp/tungns/MinhKem/DermNet_Dataset/Phase_2/VLMEvalKit/run.py", line 763, in run_local_mode
    model = infer_data_job(
  File "/mnt/tp/tungns/MinhKem/DermNet_Dataset/Phase_2/VLMEvalKit/vlmeval/inference.py", line 245, in infer_data_job
    model = infer_data(
  File "/mnt/tp/tungns/MinhKem/DermNet_Dataset/Phase_2/VLMEvalKit/vlmeval/inference.py", line 210, in infer_data
    dump(res, out_file)
  File "/mnt/tp/tungns/MinhKem/DermNet_Dataset/Phase_2/VLMEvalKit/vlmeval/smp/file.py", line 182, in dump
    return dump_pkl(data, pkl_file, **kwargs)
  File "/mnt/tp/tungns/MinhKem/DermNet_Dataset/Phase_2/VLMEvalKit/vlmeval/smp/file.py", line 151, in dump_pkl
    pickle.dump(data, open(pth, 'wb'))
OSError: [Errno 28] No space left on device
