[2026-06-04 02:39:14] INFO - vlmeval.__main__: --reuse is set, reuse-aux=all
[2026-06-04 02:39:14] INFO - vlmeval.__main__: =========== InternVL3_5-2B ===========
[2026-06-04 02:39:14] INFO - vlmeval.__main__: ----------- DermNet_Val_4k-2_mac_relative -----------
[2026-06-04 02:39:14] INFO - vlmeval.__main__: =========== InternVL3_5-2B ===========
[2026-06-04 02:39:14] INFO - vlmeval.__main__: ----------- DermNet_Val_4k-2_mac_relative -----------
[2026-06-04 02:39:14] INFO - vlmeval.__main__: {'nproc': 32, 'verbose': False, 'retry': 6, 'timeout': 600}
[2026-06-04 02:39:18] ERROR - vlmeval.__main__: Model InternVL3_5-2B x Dataset DermNet_Val_4k-2_mac_relative combination failed: 'NoneType' object has no attribute 'keys', skipping this combination.
Traceback (most recent call last):
  File "/mnt/tp/tungns/MinhKem/DermNet_Dataset/Phase_2/VLMEvalKit/run.py", line 763, in run_local_mode
    model = infer_data_job(
  File "/mnt/tp/tungns/MinhKem/DermNet_Dataset/Phase_2/VLMEvalKit/vlmeval/inference.py", line 245, in infer_data_job
    model = infer_data(
  File "/mnt/tp/tungns/MinhKem/DermNet_Dataset/Phase_2/VLMEvalKit/vlmeval/inference.py", line 143, in infer_data
    model = supported_VLM[model_name](**kwargs) if isinstance(model, str) else model
  File "/mnt/tp/tungns/MinhKem/DermNet_Dataset/Phase_2/VLMEvalKit/vlmeval/vlm/internvl/internvl_chat.py", line 195, in __init__
    self.model = AutoModel.from_pretrained(
  File "/mnt/tp/miniconda/envs/dermnet/lib/python3.10/site-packages/transformers/models/auto/auto_factory.py", line 389, in from_pretrained
    return model_class.from_pretrained(
  File "/mnt/tp/miniconda/envs/dermnet/lib/python3.10/site-packages/transformers/modeling_utils.py", line 4288, in from_pretrained
    device_map = _get_device_map(model, device_map, max_memory, hf_quantizer)
  File "/mnt/tp/miniconda/envs/dermnet/lib/python3.10/site-packages/transformers/integrations/accelerate.py", line 352, in _get_device_map
    inferred_max_memory = get_balanced_memory(
  File "/mnt/tp/miniconda/envs/dermnet/lib/python3.10/site-packages/transformers/integrations/accelerate.py", line 291, in get_balanced_memory
    module_sizes, leave_modules_sizes = compute_module_sizes(model, hf_quantizer)
  File "/mnt/tp/miniconda/envs/dermnet/lib/python3.10/site-packages/transformers/integrations/accelerate.py", line 168, in compute_module_sizes
    tied_keys = getattr(model, "all_tied_weights_keys", {}).keys()
AttributeError: 'NoneType' object has no attribute 'keys'
[2026-06-04 02:39:18] INFO - vlmeval.__main__: Run Summary Report:
[2026-06-04 02:39:18] INFO - vlmeval.__main__: 
benchmark                      infer_fail_rate    judge_fail_rate    primary_metric    primary_metric_value    skip_reason    eval_error
-----------------------------  -----------------  -----------------  ----------------  ----------------------  -------------  -----------------------------------------
DermNet_Val_4k-2_mac_relative  -                  -                  -                 -                       -              'NoneType' object has no attribute 'keys'
[2026-06-04 02:39:18] ERROR - vlmeval.__main__: Model InternVL3_5-2B x Dataset DermNet_Val_4k-2_mac_relative combination failed: 'NoneType' object has no attribute 'keys', skipping this combination.
Traceback (most recent call last):
  File "/mnt/tp/tungns/MinhKem/DermNet_Dataset/Phase_2/VLMEvalKit/run.py", line 763, in run_local_mode
    model = infer_data_job(
  File "/mnt/tp/tungns/MinhKem/DermNet_Dataset/Phase_2/VLMEvalKit/vlmeval/inference.py", line 245, in infer_data_job
    model = infer_data(
  File "/mnt/tp/tungns/MinhKem/DermNet_Dataset/Phase_2/VLMEvalKit/vlmeval/inference.py", line 143, in infer_data
    model = supported_VLM[model_name](**kwargs) if isinstance(model, str) else model
  File "/mnt/tp/tungns/MinhKem/DermNet_Dataset/Phase_2/VLMEvalKit/vlmeval/vlm/internvl/internvl_chat.py", line 195, in __init__
    self.model = AutoModel.from_pretrained(
  File "/mnt/tp/miniconda/envs/dermnet/lib/python3.10/site-packages/transformers/models/auto/auto_factory.py", line 389, in from_pretrained
    return model_class.from_pretrained(
  File "/mnt/tp/miniconda/envs/dermnet/lib/python3.10/site-packages/transformers/modeling_utils.py", line 4288, in from_pretrained
    device_map = _get_device_map(model, device_map, max_memory, hf_quantizer)
  File "/mnt/tp/miniconda/envs/dermnet/lib/python3.10/site-packages/transformers/integrations/accelerate.py", line 352, in _get_device_map
    inferred_max_memory = get_balanced_memory(
  File "/mnt/tp/miniconda/envs/dermnet/lib/python3.10/site-packages/transformers/integrations/accelerate.py", line 291, in get_balanced_memory
    module_sizes, leave_modules_sizes = compute_module_sizes(model, hf_quantizer)
  File "/mnt/tp/miniconda/envs/dermnet/lib/python3.10/site-packages/transformers/integrations/accelerate.py", line 168, in compute_module_sizes
    tied_keys = getattr(model, "all_tied_weights_keys", {}).keys()
AttributeError: 'NoneType' object has no attribute 'keys'
